2026-06-02 12:57:27,178 [Worker-7: Loading available Gradle versions] INFO  o.e.b.c.i.u.g.PublishedGradleVersions - Gradle version information cache is not available. Remote download required.
2026-06-02 14:46:54,615 [Worker-2: Loading available Gradle versions] INFO  o.e.b.c.i.u.g.PublishedGradleVersions - Gradle version information cache is up-to-date. Trying to read.
2026-06-02 18:36:48,397 [Worker-8: Loading available Gradle versions] INFO  o.e.b.c.i.u.g.PublishedGradleVersions - Gradle version information cache is up-to-date. Trying to read.
2026-06-02 18:47:15,649 [Worker-7: Loading available Gradle versions] INFO  o.e.b.c.i.u.g.PublishedGradleVersions - Gradle version information cache is up-to-date. Trying to read.
2026-06-02 18:50:47,782 [Worker-27: Importing Maven projects] INFO  o.e.m.c.i.l.LifecycleMappingFactory - Using org.eclipse.m2e.jdt.JarLifecycleMapping lifecycle mapping for MavenProject: com.pos:pos-system:1.0.0 @ /Users/savouth/Desktop/assignment-java-swing/target/classes/META-INF/maven/com.pos/pos-system/pom.xml.
2026-06-02 18:50:47,963 [Worker-27: Importing Maven projects] INFO  o.e.m.j.i.AbstractJavaProjectConfigurator - Adding source folder /pos-system/src/main/java
2026-06-02 18:50:47,963 [Worker-27: Importing Maven projects] INFO  o.e.m.j.i.AbstractJavaProjectConfigurator - Adding resource folder /pos-system/src/main/resources
2026-06-02 18:50:47,964 [Worker-27: Importing Maven projects] INFO  o.e.m.j.i.AbstractJavaProjectConfigurator - Adding source folder /pos-system/src/test/java
2026-06-02 18:50:47,964 [Worker-27: Importing Maven projects] INFO  o.e.m.j.i.AbstractJavaProjectConfigurator - Adding resource folder /pos-system/src/test/resources
2026-06-02 18:50:48,140 [Worker-27: Importing Maven projects] WARN  o.apache.maven.project.MavenProject - Plugin is modifying compileSourceRoots through clear(), which will not work in Maven 4.0.0. Use MavenProject.addCompileSourceRoot()/removeCompileSourceRoot() methods instead. If using a plugin, please upgrade to the latest version or report the issue to the plugin maintainer. To disable these warnings, set -Dmaven.project.sourceRoots.warningsDisabled=true on the command line, in the .mvn/maven.config file, or in project POM properties.
2026-06-02 18:50:48,140 [Worker-27: Importing Maven projects] WARN  o.apache.maven.project.MavenProject - Plugin is modifying compileSourceRoots through add(), which will not work in Maven 4.0.0. Use MavenProject.addCompileSourceRoot()/removeCompileSourceRoot() methods instead. If using a plugin, please upgrade to the latest version or report the issue to the plugin maintainer. To disable these warnings, set -Dmaven.project.sourceRoots.warningsDisabled=true on the command line, in the .mvn/maven.config file, or in project POM properties.
2026-06-02 18:50:48,141 [Worker-27: Importing Maven projects] WARN  o.apache.maven.project.MavenProject - Plugin is modifying testCompileSourceRoots through clear(), which will not work in Maven 4.0.0. Use MavenProject.addTestCompileSourceRoot()/removeTestCompileSourceRoot() methods instead. If using a plugin, please upgrade to the latest version or report the issue to the plugin maintainer. To disable these warnings, set -Dmaven.project.sourceRoots.warningsDisabled=true on the command line, in the .mvn/maven.config file, or in project POM properties.
2026-06-02 18:50:48,141 [Worker-27: Importing Maven projects] WARN  o.apache.maven.project.MavenProject - Plugin is modifying testCompileSourceRoots through add(), which will not work in Maven 4.0.0. Use MavenProject.addTestCompileSourceRoot()/removeTestCompileSourceRoot() methods instead. If using a plugin, please upgrade to the latest version or report the issue to the plugin maintainer. To disable these warnings, set -Dmaven.project.sourceRoots.warningsDisabled=true on the command line, in the .mvn/maven.config file, or in project POM properties.
2026-06-02 18:50:48,148 [Worker-27: Importing Maven projects] INFO  o.e.m.c.i.p.ProjectConfigurationManager - Imported and configured 1 project(s) in 0 sec
2026-06-02 18:50:48,565 [Worker-27: Building] INFO  o.a.m.s.f.DefaultMavenResourcesFiltering - skip non existing resourceDirectory /Users/savouth/Desktop/assignment-java-swing/target/classes/META-INF/maven/com.pos/pos-system/src/main/resources
2026-06-02 18:50:48,566 [Worker-27: Building] INFO  o.a.m.s.f.DefaultMavenResourcesFiltering - skip non existing resourceDirectory /Users/savouth/Desktop/assignment-java-swing/target/classes/META-INF/maven/com.pos/pos-system/src/test/resources
2026-06-02 18:50:48,640 [Worker-27: Building] WARN  o.apache.maven.project.MavenProject - Plugin is modifying compileSourceRoots through clear(), which will not work in Maven 4.0.0. Use MavenProject.addCompileSourceRoot()/removeCompileSourceRoot() methods instead. If using a plugin, please upgrade to the latest version or report the issue to the plugin maintainer. To disable these warnings, set -Dmaven.project.sourceRoots.warningsDisabled=true on the command line, in the .mvn/maven.config file, or in project POM properties.
2026-06-02 18:50:48,640 [Worker-27: Building] WARN  o.apache.maven.project.MavenProject - Plugin is modifying compileSourceRoots through add(), which will not work in Maven 4.0.0. Use MavenProject.addCompileSourceRoot()/removeCompileSourceRoot() methods instead. If using a plugin, please upgrade to the latest version or report the issue to the plugin maintainer. To disable these warnings, set -Dmaven.project.sourceRoots.warningsDisabled=true on the command line, in the .mvn/maven.config file, or in project POM properties.
2026-06-02 18:50:48,640 [Worker-27: Building] WARN  o.apache.maven.project.MavenProject - Plugin is modifying testCompileSourceRoots through clear(), which will not work in Maven 4.0.0. Use MavenProject.addTestCompileSourceRoot()/removeTestCompileSourceRoot() methods instead. If using a plugin, please upgrade to the latest version or report the issue to the plugin maintainer. To disable these warnings, set -Dmaven.project.sourceRoots.warningsDisabled=true on the command line, in the .mvn/maven.config file, or in project POM properties.
2026-06-02 18:50:48,640 [Worker-27: Building] WARN  o.apache.maven.project.MavenProject - Plugin is modifying testCompileSourceRoots through add(), which will not work in Maven 4.0.0. Use MavenProject.addTestCompileSourceRoot()/removeTestCompileSourceRoot() methods instead. If using a plugin, please upgrade to the latest version or report the issue to the plugin maintainer. To disable these warnings, set -Dmaven.project.sourceRoots.warningsDisabled=true on the command line, in the .mvn/maven.config file, or in project POM properties.
2026-06-08 12:09:02,873 [Worker-2: Loading available Gradle versions] INFO  o.e.b.c.i.u.g.PublishedGradleVersions - Gradle version information cache is out-of-date. Trying to update.
2026-06-08 12:15:05,359 [main] INFO  o.e.m2e.actions.ExecutePomAction - Creating new launch configuration
2026-06-08 12:15:11,026 [Worker-38: Launching pos-system] INFO  o.eclipse.m2e.core.internal.Bundles - getClasspathEntries(Bundle=org.eclipse.m2e.maven.runtime_3.9.1200.20260112-2306 [307])
2026-06-08 12:15:11,027 [Worker-38: Launching pos-system] INFO  o.eclipse.m2e.core.internal.Bundles - 	Entry: /Applications/Eclipse.app/Contents/Eclipse/plugins/org.eclipse.m2e.maven.runtime_3.9.1200.20260112-2306
2026-06-08 12:15:11,028 [Worker-38: Launching pos-system] INFO  o.eclipse.m2e.core.internal.Bundles - 	Entry: /Applications/Eclipse.app/Contents/Eclipse/plugins/org.eclipse.m2e.maven.runtime_3.9.1200.20260112-2306/jars/aopalliance-1.0.jar
2026-06-08 12:15:11,028 [Worker-38: Launching pos-system] INFO  o.eclipse.m2e.core.internal.Bundles - 	Entry: /Applications/Eclipse.app/Contents/Eclipse/plugins/org.eclipse.m2e.maven.runtime_3.9.1200.20260112-2306/jars/asm-9.9.jar
2026-06-08 12:15:11,028 [Worker-38: Launching pos-system] INFO  o.eclipse.m2e.core.internal.Bundles - 	Entry: /Applications/Eclipse.app/Contents/Eclipse/plugins/org.eclipse.m2e.maven.runtime_3.9.1200.20260112-2306/jars/error_prone_annotations-2.41.0.jar
2026-06-08 12:15:11,028 [Worker-38: Launching pos-system] INFO  o.eclipse.m2e.core.internal.Bundles - 	Entry: /Applications/Eclipse.app/Contents/Eclipse/plugins/org.eclipse.m2e.maven.runtime_3.9.1200.20260112-2306/jars/gson-2.13.2.jar
2026-06-08 12:15:11,028 [Worker-38: Launching pos-system] INFO  o.eclipse.m2e.core.internal.Bundles - 	Entry: /Applications/Eclipse.app/Contents/Eclipse/plugins/org.eclipse.m2e.maven.runtime_3.9.1200.20260112-2306/jars/guice-5.1.0-classes.jar
2026-06-08 12:15:11,028 [Worker-38: Launching pos-system] INFO  o.eclipse.m2e.core.internal.Bundles - 	Entry: /Applications/Eclipse.app/Contents/Eclipse/plugins/org.eclipse.m2e.maven.runtime_3.9.1200.20260112-2306/jars/httpclient-4.5.14.jar
2026-06-08 12:15:11,028 [Worker-38: Launching pos-system] INFO  o.eclipse.m2e.core.internal.Bundles - 	Entry: /Applications/Eclipse.app/Contents/Eclipse/plugins/org.eclipse.m2e.maven.runtime_3.9.1200.20260112-2306/jars/httpcore-4.4.16.jar
2026-06-08 12:15:11,028 [Worker-38: Launching pos-system] INFO  o.eclipse.m2e.core.internal.Bundles - 	Entry: /Applications/Eclipse.app/Contents/Eclipse/plugins/org.eclipse.m2e.maven.runtime_3.9.1200.20260112-2306/jars/jansi-2.4.2.jar
2026-06-08 12:15:11,028 [Worker-38: Launching pos-system] INFO  o.eclipse.m2e.core.internal.Bundles - 	Entry: /Applications/Eclipse.app/Contents/Eclipse/plugins/org.eclipse.m2e.maven.runtime_3.9.1200.20260112-2306/jars/jcl-over-slf4j-1.7.36.jar
2026-06-08 12:15:11,028 [Worker-38: Launching pos-system] INFO  o.eclipse.m2e.core.internal.Bundles - 	Entry: /Applications/Eclipse.app/Contents/Eclipse/plugins/org.eclipse.m2e.maven.runtime_3.9.1200.20260112-2306/jars/maven-artifact-3.9.12.jar
2026-06-08 12:15:11,028 [Worker-38: Launching pos-system] INFO  o.eclipse.m2e.core.internal.Bundles - 	Entry: /Applications/Eclipse.app/Contents/Eclipse/plugins/org.eclipse.m2e.maven.runtime_3.9.1200.20260112-2306/jars/maven-builder-support-3.9.12.jar
2026-06-08 12:15:11,028 [Worker-38: Launching pos-system] INFO  o.eclipse.m2e.core.internal.Bundles - 	Entry: /Applications/Eclipse.app/Contents/Eclipse/plugins/org.eclipse.m2e.maven.runtime_3.9.1200.20260112-2306/jars/maven-compat-3.9.12.jar
2026-06-08 12:15:11,028 [Worker-38: Launching pos-system] INFO  o.eclipse.m2e.core.internal.Bundles - 	Entry: /Applications/Eclipse.app/Contents/Eclipse/plugins/org.eclipse.m2e.maven.runtime_3.9.1200.20260112-2306/jars/maven-core-3.9.12.jar
2026-06-08 12:15:11,028 [Worker-38: Launching pos-system] INFO  o.eclipse.m2e.core.internal.Bundles - 	Entry: /Applications/Eclipse.app/Contents/Eclipse/plugins/org.eclipse.m2e.maven.runtime_3.9.1200.20260112-2306/jars/maven-embedder-3.9.12.jar
2026-06-08 12:15:11,028 [Worker-38: Launching pos-system] INFO  o.eclipse.m2e.core.internal.Bundles - 	Entry: /Applications/Eclipse.app/Contents/Eclipse/plugins/org.eclipse.m2e.maven.runtime_3.9.1200.20260112-2306/jars/maven-model-3.9.12.jar
2026-06-08 12:15:11,028 [Worker-38: Launching pos-system] INFO  o.eclipse.m2e.core.internal.Bundles - 	Entry: /Applications/Eclipse.app/Contents/Eclipse/plugins/org.eclipse.m2e.maven.runtime_3.9.1200.20260112-2306/jars/maven-model-builder-3.9.12.jar
2026-06-08 12:15:11,028 [Worker-38: Launching pos-system] INFO  o.eclipse.m2e.core.internal.Bundles - 	Entry: /Applications/Eclipse.app/Contents/Eclipse/plugins/org.eclipse.m2e.maven.runtime_3.9.1200.20260112-2306/jars/maven-plugin-api-3.9.12.jar
2026-06-08 12:15:11,028 [Worker-38: Launching pos-system] INFO  o.eclipse.m2e.core.internal.Bundles - 	Entry: /Applications/Eclipse.app/Contents/Eclipse/plugins/org.eclipse.m2e.maven.runtime_3.9.1200.20260112-2306/jars/maven-repository-metadata-3.9.12.jar
2026-06-08 12:15:11,028 [Worker-38: Launching pos-system] INFO  o.eclipse.m2e.core.internal.Bundles - 	Entry: /Applications/Eclipse.app/Contents/Eclipse/plugins/org.eclipse.m2e.maven.runtime_3.9.1200.20260112-2306/jars/maven-resolver-api-1.9.25.jar
2026-06-08 12:15:11,028 [Worker-38: Launching pos-system] INFO  o.eclipse.m2e.core.internal.Bundles - 	Entry: /Applications/Eclipse.app/Contents/Eclipse/plugins/org.eclipse.m2e.maven.runtime_3.9.1200.20260112-2306/jars/maven-resolver-connector-basic-1.9.25.jar
2026-06-08 12:15:11,028 [Worker-38: Launching pos-system] INFO  o.eclipse.m2e.core.internal.Bundles - 	Entry: /Applications/Eclipse.app/Contents/Eclipse/plugins/org.eclipse.m2e.maven.runtime_3.9.1200.20260112-2306/jars/maven-resolver-impl-1.9.25.jar
2026-06-08 12:15:11,028 [Worker-38: Launching pos-system] INFO  o.eclipse.m2e.core.internal.Bundles - 	Entry: /Applications/Eclipse.app/Contents/Eclipse/plugins/org.eclipse.m2e.maven.runtime_3.9.1200.20260112-2306/jars/maven-resolver-named-locks-1.9.25.jar
2026-06-08 12:15:11,028 [Worker-38: Launching pos-system] INFO  o.eclipse.m2e.core.internal.Bundles - 	Entry: /Applications/Eclipse.app/Contents/Eclipse/plugins/org.eclipse.m2e.maven.runtime_3.9.1200.20260112-2306/jars/maven-resolver-provider-3.9.12.jar
2026-06-08 12:15:11,028 [Worker-38: Launching pos-system] INFO  o.eclipse.m2e.core.internal.Bundles - 	Entry: /Applications/Eclipse.app/Contents/Eclipse/plugins/org.eclipse.m2e.maven.runtime_3.9.1200.20260112-2306/jars/maven-resolver-spi-1.9.25.jar
2026-06-08 12:15:11,028 [Worker-38: Launching pos-system] INFO  o.eclipse.m2e.core.internal.Bundles - 	Entry: /Applications/Eclipse.app/Contents/Eclipse/plugins/org.eclipse.m2e.maven.runtime_3.9.1200.20260112-2306/jars/maven-resolver-transport-file-1.9.25.jar
2026-06-08 12:15:11,028 [Worker-38: Launching pos-system] INFO  o.eclipse.m2e.core.internal.Bundles - 	Entry: /Applications/Eclipse.app/Contents/Eclipse/plugins/org.eclipse.m2e.maven.runtime_3.9.1200.20260112-2306/jars/maven-resolver-transport-http-1.9.25.jar
2026-06-08 12:15:11,028 [Worker-38: Launching pos-system] INFO  o.eclipse.m2e.core.internal.Bundles - 	Entry: /Applications/Eclipse.app/Contents/Eclipse/plugins/org.eclipse.m2e.maven.runtime_3.9.1200.20260112-2306/jars/maven-resolver-transport-wagon-1.9.25.jar
2026-06-08 12:15:11,028 [Worker-38: Launching pos-system] INFO  o.eclipse.m2e.core.internal.Bundles - 	Entry: /Applications/Eclipse.app/Contents/Eclipse/plugins/org.eclipse.m2e.maven.runtime_3.9.1200.20260112-2306/jars/maven-resolver-util-1.9.25.jar
2026-06-08 12:15:11,028 [Worker-38: Launching pos-system] INFO  o.eclipse.m2e.core.internal.Bundles - 	Entry: /Applications/Eclipse.app/Contents/Eclipse/plugins/org.eclipse.m2e.maven.runtime_3.9.1200.20260112-2306/jars/maven-settings-3.9.12.jar
2026-06-08 12:15:11,028 [Worker-38: Launching pos-system] INFO  o.eclipse.m2e.core.internal.Bundles - 	Entry: /Applications/Eclipse.app/Contents/Eclipse/plugins/org.eclipse.m2e.maven.runtime_3.9.1200.20260112-2306/jars/maven-settings-builder-3.9.12.jar
2026-06-08 12:15:11,028 [Worker-38: Launching pos-system] INFO  o.eclipse.m2e.core.internal.Bundles - 	Entry: /Applications/Eclipse.app/Contents/Eclipse/plugins/org.eclipse.m2e.maven.runtime_3.9.1200.20260112-2306/jars/maven-shared-utils-3.4.2.jar
2026-06-08 12:15:11,028 [Worker-38: Launching pos-system] INFO  o.eclipse.m2e.core.internal.Bundles - 	Entry: /Applications/Eclipse.app/Contents/Eclipse/plugins/org.eclipse.m2e.maven.runtime_3.9.1200.20260112-2306/jars/org.eclipse.sisu.inject-0.9.0.M4.jar
2026-06-08 12:15:11,028 [Worker-38: Launching pos-system] INFO  o.eclipse.m2e.core.internal.Bundles - 	Entry: /Applications/Eclipse.app/Contents/Eclipse/plugins/org.eclipse.m2e.maven.runtime_3.9.1200.20260112-2306/jars/org.eclipse.sisu.plexus-0.9.0.M4.jar
2026-06-08 12:15:11,028 [Worker-38: Launching pos-system] INFO  o.eclipse.m2e.core.internal.Bundles - 	Entry: /Applications/Eclipse.app/Contents/Eclipse/plugins/org.eclipse.m2e.maven.runtime_3.9.1200.20260112-2306/jars/plexus-build-api-0.0.7.jar
2026-06-08 12:15:11,028 [Worker-38: Launching pos-system] INFO  o.eclipse.m2e.core.internal.Bundles - 	Entry: /Applications/Eclipse.app/Contents/Eclipse/plugins/org.eclipse.m2e.maven.runtime_3.9.1200.20260112-2306/jars/plexus-build-api-1.2.0.jar
2026-06-08 12:15:11,028 [Worker-38: Launching pos-system] INFO  o.eclipse.m2e.core.internal.Bundles - 	Entry: /Applications/Eclipse.app/Contents/Eclipse/plugins/org.eclipse.m2e.maven.runtime_3.9.1200.20260112-2306/jars/plexus-cipher-2.0.jar
2026-06-08 12:15:11,028 [Worker-38: Launching pos-system] INFO  o.eclipse.m2e.core.internal.Bundles - 	Entry: /Applications/Eclipse.app/Contents/Eclipse/plugins/org.eclipse.m2e.maven.runtime_3.9.1200.20260112-2306/jars/plexus-classworlds-2.9.0.jar
2026-06-08 12:15:11,028 [Worker-38: Launching pos-system] INFO  o.eclipse.m2e.core.internal.Bundles - 	Entry: /Applications/Eclipse.app/Contents/Eclipse/plugins/org.eclipse.m2e.maven.runtime_3.9.1200.20260112-2306/jars/plexus-component-annotations-2.2.0.jar
2026-06-08 12:15:11,028 [Worker-38: Launching pos-system] INFO  o.eclipse.m2e.core.internal.Bundles - 	Entry: /Applications/Eclipse.app/Contents/Eclipse/plugins/org.eclipse.m2e.maven.runtime_3.9.1200.20260112-2306/jars/plexus-interpolation-1.29.jar
2026-06-08 12:15:11,029 [Worker-38: Launching pos-system] INFO  o.eclipse.m2e.core.internal.Bundles - 	Entry: /Applications/Eclipse.app/Contents/Eclipse/plugins/org.eclipse.m2e.maven.runtime_3.9.1200.20260112-2306/jars/plexus-sec-dispatcher-2.0.jar
2026-06-08 12:15:11,029 [Worker-38: Launching pos-system] INFO  o.eclipse.m2e.core.internal.Bundles - 	Entry: /Applications/Eclipse.app/Contents/Eclipse/plugins/org.eclipse.m2e.maven.runtime_3.9.1200.20260112-2306/jars/plexus-utils-3.6.0.jar
2026-06-08 12:15:11,029 [Worker-38: Launching pos-system] INFO  o.eclipse.m2e.core.internal.Bundles - 	Entry: /Applications/Eclipse.app/Contents/Eclipse/plugins/org.eclipse.m2e.maven.runtime_3.9.1200.20260112-2306/jars/wagon-file-3.5.3.jar
2026-06-08 12:15:11,029 [Worker-38: Launching pos-system] INFO  o.eclipse.m2e.core.internal.Bundles - 	Entry: /Applications/Eclipse.app/Contents/Eclipse/plugins/org.eclipse.m2e.maven.runtime_3.9.1200.20260112-2306/jars/wagon-http-3.5.3.jar
2026-06-08 12:15:11,029 [Worker-38: Launching pos-system] INFO  o.eclipse.m2e.core.internal.Bundles - 	Entry: /Applications/Eclipse.app/Contents/Eclipse/plugins/org.eclipse.m2e.maven.runtime_3.9.1200.20260112-2306/jars/wagon-http-shared-3.5.3.jar
2026-06-08 12:15:11,029 [Worker-38: Launching pos-system] INFO  o.eclipse.m2e.core.internal.Bundles - 	Entry: /Applications/Eclipse.app/Contents/Eclipse/plugins/org.eclipse.m2e.maven.runtime_3.9.1200.20260112-2306/jars/wagon-provider-api-3.5.3.jar
2026-06-08 12:15:11,030 [Worker-38: Launching pos-system] INFO  o.eclipse.m2e.core.internal.Bundles - getClasspathEntries(Bundle=com.google.guava_33.5.0.jre [13])
2026-06-08 12:15:11,030 [Worker-38: Launching pos-system] INFO  o.eclipse.m2e.core.internal.Bundles - 	Entry: /Applications/Eclipse.app/Contents/Eclipse/plugins/com.google.guava_33.5.0.jre.jar
2026-06-08 12:15:11,030 [Worker-38: Launching pos-system] INFO  o.eclipse.m2e.core.internal.Bundles - getClasspathEntries(Bundle=slf4j.api_2.0.17 [531])
2026-06-08 12:15:11,030 [Worker-38: Launching pos-system] INFO  o.eclipse.m2e.core.internal.Bundles - 	Entry: /Applications/Eclipse.app/Contents/Eclipse/plugins/slf4j.api_2.0.17.jar
2026-06-08 12:15:11,030 [Worker-38: Launching pos-system] INFO  o.eclipse.m2e.core.internal.Bundles - getClasspathEntries(Bundle=jakarta.inject.jakarta.inject-api_1.0.5 [24])
2026-06-08 12:15:11,030 [Worker-38: Launching pos-system] INFO  o.eclipse.m2e.core.internal.Bundles - 	Entry: /Applications/Eclipse.app/Contents/Eclipse/plugins/jakarta.inject.jakarta.inject-api_1.0.5.jar
2026-06-08 12:15:11,030 [Worker-38: Launching pos-system] INFO  o.eclipse.m2e.core.internal.Bundles - getClasspathEntries(Bundle=jakarta.annotation-api_1.3.5 [22])
2026-06-08 12:15:11,030 [Worker-38: Launching pos-system] INFO  o.eclipse.m2e.core.internal.Bundles - 	Entry: /Applications/Eclipse.app/Contents/Eclipse/plugins/jakarta.annotation-api_1.3.5.jar
2026-06-08 12:15:11,030 [Worker-38: Launching pos-system] INFO  o.eclipse.m2e.core.internal.Bundles - getClasspathEntries(Bundle=org.apache.commons.cli_1.11.0 [56])
2026-06-08 12:15:11,030 [Worker-38: Launching pos-system] INFO  o.eclipse.m2e.core.internal.Bundles - 	Entry: /Applications/Eclipse.app/Contents/Eclipse/plugins/org.apache.commons.cli_1.11.0.jar
2026-06-08 12:15:11,030 [Worker-38: Launching pos-system] INFO  o.eclipse.m2e.core.internal.Bundles - getClasspathEntries(Bundle=org.apache.commons.commons-codec_1.21.0 [57])
2026-06-08 12:15:11,030 [Worker-38: Launching pos-system] INFO  o.eclipse.m2e.core.internal.Bundles - 	Entry: /Applications/Eclipse.app/Contents/Eclipse/plugins/org.apache.commons.commons-codec_1.21.0.jar
2026-06-08 12:15:11,030 [Worker-38: Launching pos-system] INFO  o.eclipse.m2e.core.internal.Bundles - getClasspathEntries(Bundle=com.google.guava.failureaccess_1.0.3 [14])
2026-06-08 12:15:11,030 [Worker-38: Launching pos-system] INFO  o.eclipse.m2e.core.internal.Bundles - 	Entry: /Applications/Eclipse.app/Contents/Eclipse/plugins/com.google.guava.failureaccess_1.0.3.jar
2026-06-08 12:15:11,031 [Worker-38: Launching pos-system] INFO  o.e.m.i.launch.MavenLaunchDelegate - Run build in "/Users/savouth/Desktop/assignment-java-swing/target/classes/META-INF/maven/com.pos/pos-system":
2026-06-08 12:15:11,031 [Worker-38: Launching pos-system] INFO  o.e.m.i.launch.MavenLaunchDelegate -  mvn  -B -Dstyle.color=always 
2026-06-08 12:15:15,880 [Worker-38: Searching...] INFO  o.eclipse.m2e.core.internal.Bundles - getClasspathEntries(Bundle=org.eclipse.m2e.workspace.cli_0.4.0 [316])
2026-06-08 12:15:15,880 [Worker-38: Searching...] INFO  o.eclipse.m2e.core.internal.Bundles - 	Entry: /Applications/Eclipse.app/Contents/Eclipse/plugins/org.eclipse.m2e.workspace.cli_0.4.0.jar
2026-06-08 12:15:16,244 [Worker-38: Searching...] INFO  o.e.m.c.i.e.AbstractTransferListenerAdapter - Downloading https://repo.maven.apache.org/maven2/io/takari/m2e/workspace/org.eclipse.m2e.workspace.cli/0.4.0/org.eclipse.m2e.workspace.cli-0.4.0-sources.jar
2026-06-08 12:15:16,274 [Worker-38: Searching...] INFO  o.e.m.c.i.e.AbstractTransferListenerAdapter - Downloaded https://repo.maven.apache.org/maven2/io/takari/m2e/workspace/org.eclipse.m2e.workspace.cli/0.4.0/org.eclipse.m2e.workspace.cli-0.4.0-sources.jar
2026-06-08 12:15:16,276 [Worker-38: Searching...] INFO  o.eclipse.m2e.core.internal.Bundles - getClasspathEntries(Bundle=org.eclipse.m2e.maven.runtime_3.9.1200.20260112-2306 [307])
2026-06-08 12:15:16,276 [Worker-38: Searching...] INFO  o.eclipse.m2e.core.internal.Bundles - 	Entry: /Applications/Eclipse.app/Contents/Eclipse/plugins/org.eclipse.m2e.maven.runtime_3.9.1200.20260112-2306
2026-06-08 12:15:16,276 [Worker-38: Searching...] INFO  o.eclipse.m2e.core.internal.Bundles - 	Entry: /Applications/Eclipse.app/Contents/Eclipse/plugins/org.eclipse.m2e.maven.runtime_3.9.1200.20260112-2306/jars/aopalliance-1.0.jar
2026-06-08 12:15:16,276 [Worker-38: Searching...] INFO  o.eclipse.m2e.core.internal.Bundles - 	Entry: /Applications/Eclipse.app/Contents/Eclipse/plugins/org.eclipse.m2e.maven.runtime_3.9.1200.20260112-2306/jars/asm-9.9.jar
2026-06-08 12:15:16,276 [Worker-38: Searching...] INFO  o.eclipse.m2e.core.internal.Bundles - 	Entry: /Applications/Eclipse.app/Contents/Eclipse/plugins/org.eclipse.m2e.maven.runtime_3.9.1200.20260112-2306/jars/error_prone_annotations-2.41.0.jar
2026-06-08 12:15:16,276 [Worker-38: Searching...] INFO  o.eclipse.m2e.core.internal.Bundles - 	Entry: /Applications/Eclipse.app/Contents/Eclipse/plugins/org.eclipse.m2e.maven.runtime_3.9.1200.20260112-2306/jars/gson-2.13.2.jar
2026-06-08 12:15:16,276 [Worker-38: Searching...] INFO  o.eclipse.m2e.core.internal.Bundles - 	Entry: /Applications/Eclipse.app/Contents/Eclipse/plugins/org.eclipse.m2e.maven.runtime_3.9.1200.20260112-2306/jars/guice-5.1.0-classes.jar
2026-06-08 12:15:16,276 [Worker-38: Searching...] INFO  o.eclipse.m2e.core.internal.Bundles - 	Entry: /Applications/Eclipse.app/Contents/Eclipse/plugins/org.eclipse.m2e.maven.runtime_3.9.1200.20260112-2306/jars/httpclient-4.5.14.jar
2026-06-08 12:15:16,276 [Worker-38: Searching...] INFO  o.eclipse.m2e.core.internal.Bundles - 	Entry: /Applications/Eclipse.app/Contents/Eclipse/plugins/org.eclipse.m2e.maven.runtime_3.9.1200.20260112-2306/jars/httpcore-4.4.16.jar
2026-06-08 12:15:16,276 [Worker-38: Searching...] INFO  o.eclipse.m2e.core.internal.Bundles - 	Entry: /Applications/Eclipse.app/Contents/Eclipse/plugins/org.eclipse.m2e.maven.runtime_3.9.1200.20260112-2306/jars/jansi-2.4.2.jar
2026-06-08 12:15:16,276 [Worker-38: Searching...] INFO  o.eclipse.m2e.core.internal.Bundles - 	Entry: /Applications/Eclipse.app/Contents/Eclipse/plugins/org.eclipse.m2e.maven.runtime_3.9.1200.20260112-2306/jars/jcl-over-slf4j-1.7.36.jar
2026-06-08 12:15:16,276 [Worker-38: Searching...] INFO  o.eclipse.m2e.core.internal.Bundles - 	Entry: /Applications/Eclipse.app/Contents/Eclipse/plugins/org.eclipse.m2e.maven.runtime_3.9.1200.20260112-2306/jars/maven-artifact-3.9.12.jar
2026-06-08 12:15:16,276 [Worker-38: Searching...] INFO  o.eclipse.m2e.core.internal.Bundles - 	Entry: /Applications/Eclipse.app/Contents/Eclipse/plugins/org.eclipse.m2e.maven.runtime_3.9.1200.20260112-2306/jars/maven-builder-support-3.9.12.jar
2026-06-08 12:15:16,276 [Worker-38: Searching...] INFO  o.eclipse.m2e.core.internal.Bundles - 	Entry: /Applications/Eclipse.app/Contents/Eclipse/plugins/org.eclipse.m2e.maven.runtime_3.9.1200.20260112-2306/jars/maven-compat-3.9.12.jar
2026-06-08 12:15:16,276 [Worker-38: Searching...] INFO  o.eclipse.m2e.core.internal.Bundles - 	Entry: /Applications/Eclipse.app/Contents/Eclipse/plugins/org.eclipse.m2e.maven.runtime_3.9.1200.20260112-2306/jars/maven-core-3.9.12.jar
2026-06-08 12:15:16,276 [Worker-38: Searching...] INFO  o.eclipse.m2e.core.internal.Bundles - 	Entry: /Applications/Eclipse.app/Contents/Eclipse/plugins/org.eclipse.m2e.maven.runtime_3.9.1200.20260112-2306/jars/maven-embedder-3.9.12.jar
2026-06-08 12:15:16,276 [Worker-38: Searching...] INFO  o.eclipse.m2e.core.internal.Bundles - 	Entry: /Applications/Eclipse.app/Contents/Eclipse/plugins/org.eclipse.m2e.maven.runtime_3.9.1200.20260112-2306/jars/maven-model-3.9.12.jar
2026-06-08 12:15:16,276 [Worker-38: Searching...] INFO  o.eclipse.m2e.core.internal.Bundles - 	Entry: /Applications/Eclipse.app/Contents/Eclipse/plugins/org.eclipse.m2e.maven.runtime_3.9.1200.20260112-2306/jars/maven-model-builder-3.9.12.jar
2026-06-08 12:15:16,276 [Worker-38: Searching...] INFO  o.eclipse.m2e.core.internal.Bundles - 	Entry: /Applications/Eclipse.app/Contents/Eclipse/plugins/org.eclipse.m2e.maven.runtime_3.9.1200.20260112-2306/jars/maven-plugin-api-3.9.12.jar
2026-06-08 12:15:16,276 [Worker-38: Searching...] INFO  o.eclipse.m2e.core.internal.Bundles - 	Entry: /Applications/Eclipse.app/Contents/Eclipse/plugins/org.eclipse.m2e.maven.runtime_3.9.1200.20260112-2306/jars/maven-repository-metadata-3.9.12.jar
2026-06-08 12:15:16,276 [Worker-38: Searching...] INFO  o.eclipse.m2e.core.internal.Bundles - 	Entry: /Applications/Eclipse.app/Contents/Eclipse/plugins/org.eclipse.m2e.maven.runtime_3.9.1200.20260112-2306/jars/maven-resolver-api-1.9.25.jar
2026-06-08 12:15:16,276 [Worker-38: Searching...] INFO  o.eclipse.m2e.core.internal.Bundles - 	Entry: /Applications/Eclipse.app/Contents/Eclipse/plugins/org.eclipse.m2e.maven.runtime_3.9.1200.20260112-2306/jars/maven-resolver-connector-basic-1.9.25.jar
2026-06-08 12:15:16,276 [Worker-38: Searching...] INFO  o.eclipse.m2e.core.internal.Bundles - 	Entry: /Applications/Eclipse.app/Contents/Eclipse/plugins/org.eclipse.m2e.maven.runtime_3.9.1200.20260112-2306/jars/maven-resolver-impl-1.9.25.jar
2026-06-08 12:15:16,277 [Worker-38: Searching...] INFO  o.eclipse.m2e.core.internal.Bundles - 	Entry: /Applications/Eclipse.app/Contents/Eclipse/plugins/org.eclipse.m2e.maven.runtime_3.9.1200.20260112-2306/jars/maven-resolver-named-locks-1.9.25.jar
2026-06-08 12:15:16,277 [Worker-38: Searching...] INFO  o.eclipse.m2e.core.internal.Bundles - 	Entry: /Applications/Eclipse.app/Contents/Eclipse/plugins/org.eclipse.m2e.maven.runtime_3.9.1200.20260112-2306/jars/maven-resolver-provider-3.9.12.jar
2026-06-08 12:15:16,277 [Worker-38: Searching...] INFO  o.eclipse.m2e.core.internal.Bundles - 	Entry: /Applications/Eclipse.app/Contents/Eclipse/plugins/org.eclipse.m2e.maven.runtime_3.9.1200.20260112-2306/jars/maven-resolver-spi-1.9.25.jar
2026-06-08 12:15:16,277 [Worker-38: Searching...] INFO  o.eclipse.m2e.core.internal.Bundles - 	Entry: /Applications/Eclipse.app/Contents/Eclipse/plugins/org.eclipse.m2e.maven.runtime_3.9.1200.20260112-2306/jars/maven-resolver-transport-file-1.9.25.jar
2026-06-08 12:15:16,277 [Worker-38: Searching...] INFO  o.eclipse.m2e.core.internal.Bundles - 	Entry: /Applications/Eclipse.app/Contents/Eclipse/plugins/org.eclipse.m2e.maven.runtime_3.9.1200.20260112-2306/jars/maven-resolver-transport-http-1.9.25.jar
2026-06-08 12:15:16,277 [Worker-38: Searching...] INFO  o.eclipse.m2e.core.internal.Bundles - 	Entry: /Applications/Eclipse.app/Contents/Eclipse/plugins/org.eclipse.m2e.maven.runtime_3.9.1200.20260112-2306/jars/maven-resolver-transport-wagon-1.9.25.jar
2026-06-08 12:15:16,277 [Worker-38: Searching...] INFO  o.eclipse.m2e.core.internal.Bundles - 	Entry: /Applications/Eclipse.app/Contents/Eclipse/plugins/org.eclipse.m2e.maven.runtime_3.9.1200.20260112-2306/jars/maven-resolver-util-1.9.25.jar
2026-06-08 12:15:16,277 [Worker-38: Searching...] INFO  o.eclipse.m2e.core.internal.Bundles - 	Entry: /Applications/Eclipse.app/Contents/Eclipse/plugins/org.eclipse.m2e.maven.runtime_3.9.1200.20260112-2306/jars/maven-settings-3.9.12.jar
2026-06-08 12:15:16,277 [Worker-38: Searching...] INFO  o.eclipse.m2e.core.internal.Bundles - 	Entry: /Applications/Eclipse.app/Contents/Eclipse/plugins/org.eclipse.m2e.maven.runtime_3.9.1200.20260112-2306/jars/maven-settings-builder-3.9.12.jar
2026-06-08 12:15:16,277 [Worker-38: Searching...] INFO  o.eclipse.m2e.core.internal.Bundles - 	Entry: /Applications/Eclipse.app/Contents/Eclipse/plugins/org.eclipse.m2e.maven.runtime_3.9.1200.20260112-2306/jars/maven-shared-utils-3.4.2.jar
2026-06-08 12:15:16,277 [Worker-38: Searching...] INFO  o.eclipse.m2e.core.internal.Bundles - 	Entry: /Applications/Eclipse.app/Contents/Eclipse/plugins/org.eclipse.m2e.maven.runtime_3.9.1200.20260112-2306/jars/org.eclipse.sisu.inject-0.9.0.M4.jar
2026-06-08 12:15:16,277 [Worker-38: Searching...] INFO  o.eclipse.m2e.core.internal.Bundles - 	Entry: /Applications/Eclipse.app/Contents/Eclipse/plugins/org.eclipse.m2e.maven.runtime_3.9.1200.20260112-2306/jars/org.eclipse.sisu.plexus-0.9.0.M4.jar
2026-06-08 12:15:16,277 [Worker-38: Searching...] INFO  o.eclipse.m2e.core.internal.Bundles - 	Entry: /Applications/Eclipse.app/Contents/Eclipse/plugins/org.eclipse.m2e.maven.runtime_3.9.1200.20260112-2306/jars/plexus-build-api-0.0.7.jar
2026-06-08 12:15:16,277 [Worker-38: Searching...] INFO  o.eclipse.m2e.core.internal.Bundles - 	Entry: /Applications/Eclipse.app/Contents/Eclipse/plugins/org.eclipse.m2e.maven.runtime_3.9.1200.20260112-2306/jars/plexus-build-api-1.2.0.jar
2026-06-08 12:15:16,277 [Worker-38: Searching...] INFO  o.eclipse.m2e.core.internal.Bundles - 	Entry: /Applications/Eclipse.app/Contents/Eclipse/plugins/org.eclipse.m2e.maven.runtime_3.9.1200.20260112-2306/jars/plexus-cipher-2.0.jar
2026-06-08 12:15:16,277 [Worker-38: Searching...] INFO  o.eclipse.m2e.core.internal.Bundles - 	Entry: /Applications/Eclipse.app/Contents/Eclipse/plugins/org.eclipse.m2e.maven.runtime_3.9.1200.20260112-2306/jars/plexus-classworlds-2.9.0.jar
2026-06-08 12:15:16,277 [Worker-38: Searching...] INFO  o.eclipse.m2e.core.internal.Bundles - 	Entry: /Applications/Eclipse.app/Contents/Eclipse/plugins/org.eclipse.m2e.maven.runtime_3.9.1200.20260112-2306/jars/plexus-component-annotations-2.2.0.jar
2026-06-08 12:15:16,277 [Worker-38: Searching...] INFO  o.eclipse.m2e.core.internal.Bundles - 	Entry: /Applications/Eclipse.app/Contents/Eclipse/plugins/org.eclipse.m2e.maven.runtime_3.9.1200.20260112-2306/jars/plexus-interpolation-1.29.jar
2026-06-08 12:15:16,277 [Worker-38: Searching...] INFO  o.eclipse.m2e.core.internal.Bundles - 	Entry: /Applications/Eclipse.app/Contents/Eclipse/plugins/org.eclipse.m2e.maven.runtime_3.9.1200.20260112-2306/jars/plexus-sec-dispatcher-2.0.jar
2026-06-08 12:15:16,277 [Worker-38: Searching...] INFO  o.eclipse.m2e.core.internal.Bundles - 	Entry: /Applications/Eclipse.app/Contents/Eclipse/plugins/org.eclipse.m2e.maven.runtime_3.9.1200.20260112-2306/jars/plexus-utils-3.6.0.jar
2026-06-08 12:15:16,277 [Worker-38: Searching...] INFO  o.eclipse.m2e.core.internal.Bundles - 	Entry: /Applications/Eclipse.app/Contents/Eclipse/plugins/org.eclipse.m2e.maven.runtime_3.9.1200.20260112-2306/jars/wagon-file-3.5.3.jar
2026-06-08 12:15:16,277 [Worker-38: Searching...] INFO  o.eclipse.m2e.core.internal.Bundles - 	Entry: /Applications/Eclipse.app/Contents/Eclipse/plugins/org.eclipse.m2e.maven.runtime_3.9.1200.20260112-2306/jars/wagon-http-3.5.3.jar
2026-06-08 12:15:16,277 [Worker-38: Searching...] INFO  o.eclipse.m2e.core.internal.Bundles - 	Entry: /Applications/Eclipse.app/Contents/Eclipse/plugins/org.eclipse.m2e.maven.runtime_3.9.1200.20260112-2306/jars/wagon-http-shared-3.5.3.jar
2026-06-08 12:15:16,277 [Worker-38: Searching...] INFO  o.eclipse.m2e.core.internal.Bundles - 	Entry: /Applications/Eclipse.app/Contents/Eclipse/plugins/org.eclipse.m2e.maven.runtime_3.9.1200.20260112-2306/jars/wagon-provider-api-3.5.3.jar
2026-06-08 12:15:16,277 [Worker-38: Searching...] INFO  o.eclipse.m2e.core.internal.Bundles - getClasspathEntries(Bundle=com.google.guava_33.5.0.jre [13])
2026-06-08 12:15:16,277 [Worker-38: Searching...] INFO  o.eclipse.m2e.core.internal.Bundles - 	Entry: /Applications/Eclipse.app/Contents/Eclipse/plugins/com.google.guava_33.5.0.jre.jar
2026-06-08 12:15:16,277 [Worker-38: Searching...] INFO  o.eclipse.m2e.core.internal.Bundles - getClasspathEntries(Bundle=slf4j.api_2.0.17 [531])
2026-06-08 12:15:16,277 [Worker-38: Searching...] INFO  o.eclipse.m2e.core.internal.Bundles - 	Entry: /Applications/Eclipse.app/Contents/Eclipse/plugins/slf4j.api_2.0.17.jar
2026-06-08 12:15:16,277 [Worker-38: Searching...] INFO  o.eclipse.m2e.core.internal.Bundles - getClasspathEntries(Bundle=jakarta.inject.jakarta.inject-api_1.0.5 [24])
2026-06-08 12:15:16,277 [Worker-38: Searching...] INFO  o.eclipse.m2e.core.internal.Bundles - 	Entry: /Applications/Eclipse.app/Contents/Eclipse/plugins/jakarta.inject.jakarta.inject-api_1.0.5.jar
2026-06-08 12:15:16,277 [Worker-38: Searching...] INFO  o.eclipse.m2e.core.internal.Bundles - getClasspathEntries(Bundle=jakarta.annotation-api_1.3.5 [22])
2026-06-08 12:15:16,277 [Worker-38: Searching...] INFO  o.eclipse.m2e.core.internal.Bundles - 	Entry: /Applications/Eclipse.app/Contents/Eclipse/plugins/jakarta.annotation-api_1.3.5.jar
2026-06-08 12:15:16,277 [Worker-38: Searching...] INFO  o.eclipse.m2e.core.internal.Bundles - getClasspathEntries(Bundle=org.apache.commons.cli_1.11.0 [56])
2026-06-08 12:15:16,277 [Worker-38: Searching...] INFO  o.eclipse.m2e.core.internal.Bundles - 	Entry: /Applications/Eclipse.app/Contents/Eclipse/plugins/org.apache.commons.cli_1.11.0.jar
2026-06-08 12:15:16,277 [Worker-38: Searching...] INFO  o.eclipse.m2e.core.internal.Bundles - getClasspathEntries(Bundle=org.apache.commons.commons-codec_1.21.0 [57])
2026-06-08 12:15:16,277 [Worker-38: Searching...] INFO  o.eclipse.m2e.core.internal.Bundles - 	Entry: /Applications/Eclipse.app/Contents/Eclipse/plugins/org.apache.commons.commons-codec_1.21.0.jar
2026-06-08 12:15:16,277 [Worker-38: Searching...] INFO  o.eclipse.m2e.core.internal.Bundles - getClasspathEntries(Bundle=com.google.guava.failureaccess_1.0.3 [14])
2026-06-08 12:15:16,277 [Worker-38: Searching...] INFO  o.eclipse.m2e.core.internal.Bundles - 	Entry: /Applications/Eclipse.app/Contents/Eclipse/plugins/com.google.guava.failureaccess_1.0.3.jar
2026-06-08 12:15:16,475 [Worker-38: Searching...] INFO  o.e.m.c.i.e.AbstractTransferListenerAdapter - Downloading https://repo.maven.apache.org/maven2/org/codehaus/plexus/plexus-classworlds/2.9.0/plexus-classworlds-2.9.0-sources.jar
2026-06-08 12:15:16,837 [Worker-38: Searching...] INFO  o.e.m.c.i.e.AbstractTransferListenerAdapter - Downloaded https://repo.maven.apache.org/maven2/org/codehaus/plexus/plexus-classworlds/2.9.0/plexus-classworlds-2.9.0-sources.jar
2026-06-08 12:15:17,038 [Worker-38: Searching...] INFO  o.e.m.c.i.e.AbstractTransferListenerAdapter - Downloading https://repo.maven.apache.org/maven2/com/google/errorprone/error_prone_annotations/2.41.0/error_prone_annotations-2.41.0-sources.jar
2026-06-08 12:15:17,281 [Worker-38: Searching...] INFO  o.e.m.c.i.e.AbstractTransferListenerAdapter - Downloaded https://repo.maven.apache.org/maven2/com/google/errorprone/error_prone_annotations/2.41.0/error_prone_annotations-2.41.0-sources.jar
2026-06-08 12:15:17,503 [Worker-38: Searching...] INFO  o.e.m.c.i.e.AbstractTransferListenerAdapter - Downloading https://repo.maven.apache.org/maven2/com/google/code/gson/gson/2.13.2/gson-2.13.2-sources.jar
2026-06-08 12:15:17,917 [Worker-38: Searching...] INFO  o.e.m.c.i.e.AbstractTransferListenerAdapter - Downloaded https://repo.maven.apache.org/maven2/com/google/code/gson/gson/2.13.2/gson-2.13.2-sources.jar
2026-06-08 12:15:18,144 [Worker-38: Searching...] INFO  o.e.m.c.i.e.AbstractTransferListenerAdapter - Downloading https://repo.maven.apache.org/maven2/org/apache/httpcomponents/httpclient/4.5.14/httpclient-4.5.14-sources.jar
2026-06-08 12:15:19,145 [Worker-38: Searching...] INFO  o.e.m.c.i.e.AbstractTransferListenerAdapter - Downloaded https://repo.maven.apache.org/maven2/org/apache/httpcomponents/httpclient/4.5.14/httpclient-4.5.14-sources.jar
2026-06-08 12:15:19,377 [Worker-38: Searching...] INFO  o.e.m.c.i.e.AbstractTransferListenerAdapter - Downloading https://repo.maven.apache.org/maven2/org/apache/httpcomponents/httpcore/4.4.16/httpcore-4.4.16-sources.jar
2026-06-08 12:15:19,777 [Worker-38: Searching...] INFO  o.e.m.c.i.e.AbstractTransferListenerAdapter - Downloaded https://repo.maven.apache.org/maven2/org/apache/httpcomponents/httpcore/4.4.16/httpcore-4.4.16-sources.jar
2026-06-08 12:15:20,064 [Worker-38: Searching...] INFO  o.e.m.c.i.e.AbstractTransferListenerAdapter - Downloading https://repo.maven.apache.org/maven2/org/fusesource/jansi/jansi/2.4.2/jansi-2.4.2-sources.jar
2026-06-08 12:15:20,493 [Worker-38: Searching...] INFO  o.e.m.c.i.e.AbstractTransferListenerAdapter - Downloaded https://repo.maven.apache.org/maven2/org/fusesource/jansi/jansi/2.4.2/jansi-2.4.2-sources.jar
2026-06-08 12:15:20,668 [Worker-38: Searching...] INFO  o.e.m.c.i.e.AbstractTransferListenerAdapter - Downloading https://repo.maven.apache.org/maven2/org/slf4j/jcl-over-slf4j/1.7.36/jcl-over-slf4j-1.7.36-sources.jar
2026-06-08 12:15:20,680 [Worker-38: Searching...] INFO  o.e.m.c.i.e.AbstractTransferListenerAdapter - Downloaded https://repo.maven.apache.org/maven2/org/slf4j/jcl-over-slf4j/1.7.36/jcl-over-slf4j-1.7.36-sources.jar
2026-06-08 12:15:20,951 [Worker-38: Searching...] INFO  o.e.m.c.i.e.AbstractTransferListenerAdapter - Downloading https://repo.maven.apache.org/maven2/org/apache/maven/maven-artifact/3.9.12/maven-artifact-3.9.12-sources.jar
2026-06-08 12:15:21,038 [Worker-38: Searching...] INFO  o.e.m.c.i.e.AbstractTransferListenerAdapter - Downloaded https://repo.maven.apache.org/maven2/org/apache/maven/maven-artifact/3.9.12/maven-artifact-3.9.12-sources.jar
2026-06-08 12:15:21,257 [Worker-38: Searching...] INFO  o.e.m.c.i.e.AbstractTransferListenerAdapter - Downloading https://repo.maven.apache.org/maven2/org/apache/maven/maven-builder-support/3.9.12/maven-builder-support-3.9.12-sources.jar
2026-06-08 12:15:21,262 [Worker-38: Searching...] INFO  o.e.m.c.i.e.AbstractTransferListenerAdapter - Downloaded https://repo.maven.apache.org/maven2/org/apache/maven/maven-builder-support/3.9.12/maven-builder-support-3.9.12-sources.jar
2026-06-08 12:15:21,458 [Worker-38: Searching...] INFO  o.e.m.c.i.e.AbstractTransferListenerAdapter - Downloading https://repo.maven.apache.org/maven2/org/apache/maven/maven-compat/3.9.12/maven-compat-3.9.12-sources.jar
2026-06-08 12:15:22,326 [Worker-38: Searching...] INFO  o.e.m.c.i.e.AbstractTransferListenerAdapter - Downloaded https://repo.maven.apache.org/maven2/org/apache/maven/maven-compat/3.9.12/maven-compat-3.9.12-sources.jar
2026-06-08 12:15:22,578 [Worker-38: Searching...] INFO  o.e.m.c.i.e.AbstractTransferListenerAdapter - Downloading https://repo.maven.apache.org/maven2/org/apache/maven/maven-core/3.9.12/maven-core-3.9.12-sources.jar
2026-06-08 12:15:23,261 [Worker-38: Searching...] INFO  o.e.m.c.i.e.AbstractTransferListenerAdapter - Downloaded https://repo.maven.apache.org/maven2/org/apache/maven/maven-core/3.9.12/maven-core-3.9.12-sources.jar
2026-06-08 12:15:23,447 [Worker-38: Searching...] INFO  o.e.m.c.i.e.AbstractTransferListenerAdapter - Downloading https://repo.maven.apache.org/maven2/org/apache/maven/maven-embedder/3.9.12/maven-embedder-3.9.12-sources.jar
2026-06-08 12:15:23,523 [Worker-38: Searching...] INFO  o.e.m.c.i.e.AbstractTransferListenerAdapter - Downloaded https://repo.maven.apache.org/maven2/org/apache/maven/maven-embedder/3.9.12/maven-embedder-3.9.12-sources.jar
2026-06-08 12:15:23,724 [Worker-38: Searching...] INFO  o.e.m.c.i.e.AbstractTransferListenerAdapter - Downloading https://repo.maven.apache.org/maven2/org/apache/maven/maven-model/3.9.12/maven-model-3.9.12-sources.jar
2026-06-08 12:15:23,874 [Worker-38: Searching...] INFO  o.e.m.c.i.e.AbstractTransferListenerAdapter - Downloaded https://repo.maven.apache.org/maven2/org/apache/maven/maven-model/3.9.12/maven-model-3.9.12-sources.jar
2026-06-08 12:15:24,081 [Worker-38: Searching...] INFO  o.e.m.c.i.e.AbstractTransferListenerAdapter - Downloading https://repo.maven.apache.org/maven2/org/apache/maven/maven-model-builder/3.9.12/maven-model-builder-3.9.12-sources.jar
2026-06-08 12:15:24,271 [Worker-38: Searching...] INFO  o.e.m.c.i.e.AbstractTransferListenerAdapter - Downloaded https://repo.maven.apache.org/maven2/org/apache/maven/maven-model-builder/3.9.12/maven-model-builder-3.9.12-sources.jar
2026-06-08 12:15:24,629 [Worker-38: Searching...] INFO  o.e.m.c.i.e.AbstractTransferListenerAdapter - Downloading https://repo.maven.apache.org/maven2/org/apache/maven/maven-plugin-api/3.9.12/maven-plugin-api-3.9.12-sources.jar
2026-06-08 12:15:24,673 [Worker-38: Searching...] INFO  o.e.m.c.i.e.AbstractTransferListenerAdapter - Downloaded https://repo.maven.apache.org/maven2/org/apache/maven/maven-plugin-api/3.9.12/maven-plugin-api-3.9.12-sources.jar
2026-06-08 12:15:24,841 [Worker-38: Searching...] INFO  o.e.m.c.i.e.AbstractTransferListenerAdapter - Downloading https://repo.maven.apache.org/maven2/org/apache/maven/maven-repository-metadata/3.9.12/maven-repository-metadata-3.9.12-sources.jar
2026-06-08 12:15:24,855 [Worker-38: Searching...] INFO  o.e.m.c.i.e.AbstractTransferListenerAdapter - Downloaded https://repo.maven.apache.org/maven2/org/apache/maven/maven-repository-metadata/3.9.12/maven-repository-metadata-3.9.12-sources.jar
2026-06-08 12:15:25,121 [Worker-38: Searching...] INFO  o.e.m.c.i.e.AbstractTransferListenerAdapter - Downloading https://repo.maven.apache.org/maven2/org/apache/maven/resolver/maven-resolver-api/1.9.25/maven-resolver-api-1.9.25-sources.jar
2026-06-08 12:15:25,389 [Worker-38: Searching...] INFO  o.e.m.c.i.e.AbstractTransferListenerAdapter - Downloaded https://repo.maven.apache.org/maven2/org/apache/maven/resolver/maven-resolver-api/1.9.25/maven-resolver-api-1.9.25-sources.jar
2026-06-08 12:15:25,582 [Worker-38: Searching...] INFO  o.e.m.c.i.e.AbstractTransferListenerAdapter - Downloading https://repo.maven.apache.org/maven2/org/apache/maven/resolver/maven-resolver-connector-basic/1.9.25/maven-resolver-connector-basic-1.9.25-sources.jar
2026-06-08 12:15:25,591 [Worker-38: Searching...] INFO  o.e.m.c.i.e.AbstractTransferListenerAdapter - Downloaded https://repo.maven.apache.org/maven2/org/apache/maven/resolver/maven-resolver-connector-basic/1.9.25/maven-resolver-connector-basic-1.9.25-sources.jar
2026-06-08 12:15:25,789 [Worker-38: Searching...] INFO  o.e.m.c.i.e.AbstractTransferListenerAdapter - Downloading https://repo.maven.apache.org/maven2/org/apache/maven/resolver/maven-resolver-impl/1.9.25/maven-resolver-impl-1.9.25-sources.jar
2026-06-08 12:15:26,223 [Worker-38: Searching...] INFO  o.e.m.c.i.e.AbstractTransferListenerAdapter - Downloaded https://repo.maven.apache.org/maven2/org/apache/maven/resolver/maven-resolver-impl/1.9.25/maven-resolver-impl-1.9.25-sources.jar
2026-06-08 12:15:26,469 [Worker-38: Searching...] INFO  o.e.m.c.i.e.AbstractTransferListenerAdapter - Downloading https://repo.maven.apache.org/maven2/org/apache/maven/resolver/maven-resolver-named-locks/1.9.25/maven-resolver-named-locks-1.9.25-sources.jar
2026-06-08 12:15:26,510 [Worker-38: Searching...] INFO  o.e.m.c.i.e.AbstractTransferListenerAdapter - Downloaded https://repo.maven.apache.org/maven2/org/apache/maven/resolver/maven-resolver-named-locks/1.9.25/maven-resolver-named-locks-1.9.25-sources.jar
2026-06-08 12:15:26,731 [Worker-38: Searching...] INFO  o.e.m.c.i.e.AbstractTransferListenerAdapter - Downloading https://repo.maven.apache.org/maven2/org/apache/maven/maven-resolver-provider/3.9.12/maven-resolver-provider-3.9.12-sources.jar
2026-06-08 12:15:26,824 [Worker-38: Searching...] INFO  o.e.m.c.i.e.AbstractTransferListenerAdapter - Downloaded https://repo.maven.apache.org/maven2/org/apache/maven/maven-resolver-provider/3.9.12/maven-resolver-provider-3.9.12-sources.jar
2026-06-08 12:15:27,037 [Worker-38: Searching...] INFO  o.e.m.c.i.e.AbstractTransferListenerAdapter - Downloading https://repo.maven.apache.org/maven2/org/apache/maven/resolver/maven-resolver-spi/1.9.25/maven-resolver-spi-1.9.25-sources.jar
2026-06-08 12:15:27,273 [Worker-38: Searching...] INFO  o.e.m.c.i.e.AbstractTransferListenerAdapter - Downloaded https://repo.maven.apache.org/maven2/org/apache/maven/resolver/maven-resolver-spi/1.9.25/maven-resolver-spi-1.9.25-sources.jar
2026-06-08 12:15:27,489 [Worker-38: Searching...] INFO  o.e.m.c.i.e.AbstractTransferListenerAdapter - Downloading https://repo.maven.apache.org/maven2/org/apache/maven/resolver/maven-resolver-transport-file/1.9.25/maven-resolver-transport-file-1.9.25-sources.jar
2026-06-08 12:15:27,495 [Worker-38: Searching...] INFO  o.e.m.c.i.e.AbstractTransferListenerAdapter - Downloaded https://repo.maven.apache.org/maven2/org/apache/maven/resolver/maven-resolver-transport-file/1.9.25/maven-resolver-transport-file-1.9.25-sources.jar
2026-06-08 12:15:27,747 [Worker-38: Searching...] INFO  o.e.m.c.i.e.AbstractTransferListenerAdapter - Downloading https://repo.maven.apache.org/maven2/org/apache/maven/resolver/maven-resolver-transport-http/1.9.25/maven-resolver-transport-http-1.9.25-sources.jar
2026-06-08 12:15:27,797 [Worker-38: Searching...] INFO  o.e.m.c.i.e.AbstractTransferListenerAdapter - Downloaded https://repo.maven.apache.org/maven2/org/apache/maven/resolver/maven-resolver-transport-http/1.9.25/maven-resolver-transport-http-1.9.25-sources.jar
2026-06-08 12:15:28,017 [Worker-38: Searching...] INFO  o.e.m.c.i.e.AbstractTransferListenerAdapter - Downloading https://repo.maven.apache.org/maven2/org/apache/maven/resolver/maven-resolver-transport-wagon/1.9.25/maven-resolver-transport-wagon-1.9.25-sources.jar
2026-06-08 12:15:28,029 [Worker-38: Searching...] INFO  o.e.m.c.i.e.AbstractTransferListenerAdapter - Downloaded https://repo.maven.apache.org/maven2/org/apache/maven/resolver/maven-resolver-transport-wagon/1.9.25/maven-resolver-transport-wagon-1.9.25-sources.jar
2026-06-08 12:15:28,279 [Worker-38: Searching...] INFO  o.e.m.c.i.e.AbstractTransferListenerAdapter - Downloading https://repo.maven.apache.org/maven2/org/apache/maven/resolver/maven-resolver-util/1.9.25/maven-resolver-util-1.9.25-sources.jar
2026-06-08 12:15:28,639 [Worker-38: Searching...] INFO  o.e.m.c.i.e.AbstractTransferListenerAdapter - Downloaded https://repo.maven.apache.org/maven2/org/apache/maven/resolver/maven-resolver-util/1.9.25/maven-resolver-util-1.9.25-sources.jar
2026-06-08 12:15:28,834 [Worker-38: Searching...] INFO  o.e.m.c.i.e.AbstractTransferListenerAdapter - Downloading https://repo.maven.apache.org/maven2/org/apache/maven/maven-settings/3.9.12/maven-settings-3.9.12-sources.jar
2026-06-08 12:15:28,848 [Worker-38: Searching...] INFO  o.e.m.c.i.e.AbstractTransferListenerAdapter - Downloaded https://repo.maven.apache.org/maven2/org/apache/maven/maven-settings/3.9.12/maven-settings-3.9.12-sources.jar
2026-06-08 12:15:29,056 [Worker-38: Searching...] INFO  o.e.m.c.i.e.AbstractTransferListenerAdapter - Downloading https://repo.maven.apache.org/maven2/org/apache/maven/maven-settings-builder/3.9.12/maven-settings-builder-3.9.12-sources.jar
2026-06-08 12:15:29,091 [Worker-38: Searching...] INFO  o.e.m.c.i.e.AbstractTransferListenerAdapter - Downloaded https://repo.maven.apache.org/maven2/org/apache/maven/maven-settings-builder/3.9.12/maven-settings-builder-3.9.12-sources.jar
2026-06-08 12:15:29,431 [Worker-38: Searching...] INFO  o.e.m.c.i.e.AbstractTransferListenerAdapter - Downloading https://repo.maven.apache.org/maven2/org/apache/maven/shared/maven-shared-utils/3.4.2/maven-shared-utils-3.4.2-sources.jar
2026-06-08 12:15:29,638 [Worker-38: Searching...] INFO  o.e.m.c.i.e.AbstractTransferListenerAdapter - Downloaded https://repo.maven.apache.org/maven2/org/apache/maven/shared/maven-shared-utils/3.4.2/maven-shared-utils-3.4.2-sources.jar
2026-06-08 12:15:29,938 [Worker-38: Searching...] INFO  o.e.m.c.i.e.AbstractTransferListenerAdapter - Downloading https://repo.maven.apache.org/maven2/org/eclipse/sisu/org.eclipse.sisu.inject/0.9.0.M4/org.eclipse.sisu.inject-0.9.0.M4-sources.jar
2026-06-08 12:15:30,945 [Worker-38: Searching...] INFO  o.e.m.c.i.e.AbstractTransferListenerAdapter - Downloaded https://repo.maven.apache.org/maven2/org/eclipse/sisu/org.eclipse.sisu.inject/0.9.0.M4/org.eclipse.sisu.inject-0.9.0.M4-sources.jar
2026-06-08 12:15:31,123 [Worker-38: Searching...] INFO  o.e.m.c.i.e.AbstractTransferListenerAdapter - Downloading https://repo.maven.apache.org/maven2/org/eclipse/sisu/org.eclipse.sisu.plexus/0.9.0.M4/org.eclipse.sisu.plexus-0.9.0.M4-sources.jar
2026-06-08 12:15:31,770 [Worker-38: Searching...] INFO  o.e.m.c.i.e.AbstractTransferListenerAdapter - Downloaded https://repo.maven.apache.org/maven2/org/eclipse/sisu/org.eclipse.sisu.plexus/0.9.0.M4/org.eclipse.sisu.plexus-0.9.0.M4-sources.jar
2026-06-08 12:15:31,965 [Worker-38: Searching...] INFO  o.e.m.c.i.e.AbstractTransferListenerAdapter - Downloading https://repo.maven.apache.org/maven2/org/codehaus/plexus/plexus-cipher/2.0/plexus-cipher-2.0-sources.jar
2026-06-08 12:15:31,989 [Worker-38: Searching...] INFO  o.e.m.c.i.e.AbstractTransferListenerAdapter - Downloaded https://repo.maven.apache.org/maven2/org/codehaus/plexus/plexus-cipher/2.0/plexus-cipher-2.0-sources.jar
2026-06-08 12:15:32,227 [Worker-38: Searching...] INFO  o.e.m.c.i.e.AbstractTransferListenerAdapter - Downloading https://repo.maven.apache.org/maven2/org/codehaus/plexus/plexus-component-annotations/2.2.0/plexus-component-annotations-2.2.0-sources.jar
2026-06-08 12:15:32,235 [Worker-38: Searching...] INFO  o.e.m.c.i.e.AbstractTransferListenerAdapter - Downloaded https://repo.maven.apache.org/maven2/org/codehaus/plexus/plexus-component-annotations/2.2.0/plexus-component-annotations-2.2.0-sources.jar
2026-06-08 12:15:32,521 [Worker-38: Searching...] INFO  o.e.m.c.i.e.AbstractTransferListenerAdapter - Downloading https://repo.maven.apache.org/maven2/org/codehaus/plexus/plexus-interpolation/1.29/plexus-interpolation-1.29-sources.jar
2026-06-08 12:15:32,765 [Worker-38: Searching...] INFO  o.e.m.c.i.e.AbstractTransferListenerAdapter - Downloaded https://repo.maven.apache.org/maven2/org/codehaus/plexus/plexus-interpolation/1.29/plexus-interpolation-1.29-sources.jar
2026-06-08 12:15:32,928 [Worker-38: Searching...] INFO  o.e.m.c.i.e.AbstractTransferListenerAdapter - Downloading https://repo.maven.apache.org/maven2/org/codehaus/plexus/plexus-sec-dispatcher/2.0/plexus-sec-dispatcher-2.0-sources.jar
2026-06-08 12:15:32,969 [Worker-38: Searching...] INFO  o.e.m.c.i.e.AbstractTransferListenerAdapter - Downloaded https://repo.maven.apache.org/maven2/org/codehaus/plexus/plexus-sec-dispatcher/2.0/plexus-sec-dispatcher-2.0-sources.jar
2026-06-08 12:15:33,164 [Worker-38: Searching...] INFO  o.e.m.c.i.e.AbstractTransferListenerAdapter - Downloading https://repo.maven.apache.org/maven2/org/codehaus/plexus/plexus-utils/3.6.0/plexus-utils-3.6.0-sources.jar
2026-06-08 12:15:33,660 [Worker-38: Searching...] INFO  o.e.m.c.i.e.AbstractTransferListenerAdapter - Downloaded https://repo.maven.apache.org/maven2/org/codehaus/plexus/plexus-utils/3.6.0/plexus-utils-3.6.0-sources.jar
2026-06-08 12:15:33,851 [Worker-38: Searching...] INFO  o.e.m.c.i.e.AbstractTransferListenerAdapter - Downloading https://repo.maven.apache.org/maven2/org/apache/maven/wagon/wagon-file/3.5.3/wagon-file-3.5.3-sources.jar
2026-06-08 12:15:33,856 [Worker-38: Searching...] INFO  o.e.m.c.i.e.AbstractTransferListenerAdapter - Downloaded https://repo.maven.apache.org/maven2/org/apache/maven/wagon/wagon-file/3.5.3/wagon-file-3.5.3-sources.jar
2026-06-08 12:15:34,074 [Worker-38: Searching...] INFO  o.e.m.c.i.e.AbstractTransferListenerAdapter - Downloading https://repo.maven.apache.org/maven2/org/apache/maven/wagon/wagon-http/3.5.3/wagon-http-3.5.3-sources.jar
2026-06-08 12:15:34,090 [Worker-38: Searching...] INFO  o.e.m.c.i.e.AbstractTransferListenerAdapter - Downloaded https://repo.maven.apache.org/maven2/org/apache/maven/wagon/wagon-http/3.5.3/wagon-http-3.5.3-sources.jar
2026-06-08 12:15:34,275 [Worker-38: Searching...] INFO  o.e.m.c.i.e.AbstractTransferListenerAdapter - Downloading https://repo.maven.apache.org/maven2/org/apache/maven/wagon/wagon-http-shared/3.5.3/wagon-http-shared-3.5.3-sources.jar
2026-06-08 12:15:34,298 [Worker-38: Searching...] INFO  o.e.m.c.i.e.AbstractTransferListenerAdapter - Downloaded https://repo.maven.apache.org/maven2/org/apache/maven/wagon/wagon-http-shared/3.5.3/wagon-http-shared-3.5.3-sources.jar
2026-06-08 12:15:34,569 [Worker-38: Searching...] INFO  o.e.m.c.i.e.AbstractTransferListenerAdapter - Downloading https://repo.maven.apache.org/maven2/org/apache/maven/wagon/wagon-provider-api/3.5.3/wagon-provider-api-3.5.3-sources.jar
2026-06-08 12:15:34,644 [Worker-38: Searching...] INFO  o.e.m.c.i.e.AbstractTransferListenerAdapter - Downloaded https://repo.maven.apache.org/maven2/org/apache/maven/wagon/wagon-provider-api/3.5.3/wagon-provider-api-3.5.3-sources.jar
2026-06-08 12:15:34,844 [Worker-38: Searching...] INFO  o.e.m.c.i.e.AbstractTransferListenerAdapter - Downloading https://repo.maven.apache.org/maven2/org/apache/maven/maven-slf4j-provider/3.9.12/maven-slf4j-provider-3.9.12-sources.jar
2026-06-08 12:15:34,859 [Worker-38: Searching...] INFO  o.e.m.c.i.e.AbstractTransferListenerAdapter - Downloaded https://repo.maven.apache.org/maven2/org/apache/maven/maven-slf4j-provider/3.9.12/maven-slf4j-provider-3.9.12-sources.jar
2026-06-08 12:15:35,078 [Worker-38: Searching...] INFO  o.e.m.c.i.e.AbstractTransferListenerAdapter - Downloading https://repo.maven.apache.org/maven2/com/google/guava/guava/33.5.0-jre/guava-33.5.0-jre-sources.jar
2026-06-08 12:15:37,308 [Worker-38: Searching...] INFO  o.e.m.c.i.e.AbstractTransferListenerAdapter - Downloaded https://repo.maven.apache.org/maven2/com/google/guava/guava/33.5.0-jre/guava-33.5.0-jre-sources.jar
2026-06-08 12:15:37,534 [Worker-38: Searching...] INFO  o.e.m.c.i.e.AbstractTransferListenerAdapter - Downloading https://repo.maven.apache.org/maven2/org/slf4j/slf4j-api/2.0.17/slf4j-api-2.0.17-sources.jar
2026-06-08 12:15:37,710 [Worker-38: Searching...] INFO  o.e.m.c.i.e.AbstractTransferListenerAdapter - Downloaded https://repo.maven.apache.org/maven2/org/slf4j/slf4j-api/2.0.17/slf4j-api-2.0.17-sources.jar
2026-06-08 12:15:37,909 [Worker-38: Searching...] INFO  o.e.m.c.i.e.AbstractTransferListenerAdapter - Downloading https://repo.maven.apache.org/maven2/jakarta/inject/jakarta.inject-api/1.0.5/jakarta.inject-api-1.0.5-sources.jar
2026-06-08 12:15:37,917 [Worker-38: Searching...] INFO  o.e.m.c.i.e.AbstractTransferListenerAdapter - Downloaded https://repo.maven.apache.org/maven2/jakarta/inject/jakarta.inject-api/1.0.5/jakarta.inject-api-1.0.5-sources.jar
2026-06-08 12:15:38,095 [Worker-38: Searching...] INFO  o.e.m.c.i.e.AbstractTransferListenerAdapter - Downloading https://repo.maven.apache.org/maven2/jakarta/annotation/jakarta.annotation-api/1.3.5/jakarta.annotation-api-1.3.5-sources.jar
2026-06-08 12:15:38,160 [Worker-38: Searching...] INFO  o.e.m.c.i.e.AbstractTransferListenerAdapter - Downloaded https://repo.maven.apache.org/maven2/jakarta/annotation/jakarta.annotation-api/1.3.5/jakarta.annotation-api-1.3.5-sources.jar
2026-06-08 12:15:38,440 [Worker-38: Searching...] INFO  o.e.m.c.i.e.AbstractTransferListenerAdapter - Downloading https://repo.maven.apache.org/maven2/commons-cli/commons-cli/1.11.0/commons-cli-1.11.0-sources.jar
2026-06-08 12:15:38,632 [Worker-38: Searching...] INFO  o.e.m.c.i.e.AbstractTransferListenerAdapter - Downloaded https://repo.maven.apache.org/maven2/commons-cli/commons-cli/1.11.0/commons-cli-1.11.0-sources.jar
2026-06-08 12:15:38,933 [Worker-38: Searching...] INFO  o.e.m.c.i.e.AbstractTransferListenerAdapter - Downloading https://repo.maven.apache.org/maven2/commons-codec/commons-codec/1.21.0/commons-codec-1.21.0-sources.jar
2026-06-08 12:15:39,435 [Worker-38: Searching...] INFO  o.e.m.c.i.e.AbstractTransferListenerAdapter - Downloaded https://repo.maven.apache.org/maven2/commons-codec/commons-codec/1.21.0/commons-codec-1.21.0-sources.jar
2026-06-08 12:15:39,638 [Worker-38: Searching...] INFO  o.e.m.c.i.e.AbstractTransferListenerAdapter - Downloading https://repo.maven.apache.org/maven2/com/google/guava/failureaccess/1.0.3/failureaccess-1.0.3-sources.jar
2026-06-08 12:15:39,645 [Worker-38: Searching...] INFO  o.e.m.c.i.e.AbstractTransferListenerAdapter - Downloaded https://repo.maven.apache.org/maven2/com/google/guava/failureaccess/1.0.3/failureaccess-1.0.3-sources.jar
2026-06-08 12:15:55,746 [Worker-34: Launching pos-system] INFO  o.eclipse.m2e.core.internal.Bundles - getClasspathEntries(Bundle=org.eclipse.m2e.maven.runtime_3.9.1200.20260112-2306 [307])
2026-06-08 12:15:55,750 [Worker-34: Launching pos-system] INFO  o.eclipse.m2e.core.internal.Bundles - 	Entry: /Applications/Eclipse.app/Contents/Eclipse/plugins/org.eclipse.m2e.maven.runtime_3.9.1200.20260112-2306
2026-06-08 12:15:55,750 [Worker-34: Launching pos-system] INFO  o.eclipse.m2e.core.internal.Bundles - 	Entry: /Applications/Eclipse.app/Contents/Eclipse/plugins/org.eclipse.m2e.maven.runtime_3.9.1200.20260112-2306/jars/aopalliance-1.0.jar
2026-06-08 12:15:55,750 [Worker-34: Launching pos-system] INFO  o.eclipse.m2e.core.internal.Bundles - 	Entry: /Applications/Eclipse.app/Contents/Eclipse/plugins/org.eclipse.m2e.maven.runtime_3.9.1200.20260112-2306/jars/asm-9.9.jar
2026-06-08 12:15:55,750 [Worker-34: Launching pos-system] INFO  o.eclipse.m2e.core.internal.Bundles - 	Entry: /Applications/Eclipse.app/Contents/Eclipse/plugins/org.eclipse.m2e.maven.runtime_3.9.1200.20260112-2306/jars/error_prone_annotations-2.41.0.jar
2026-06-08 12:15:55,750 [Worker-34: Launching pos-system] INFO  o.eclipse.m2e.core.internal.Bundles - 	Entry: /Applications/Eclipse.app/Contents/Eclipse/plugins/org.eclipse.m2e.maven.runtime_3.9.1200.20260112-2306/jars/gson-2.13.2.jar
2026-06-08 12:15:55,750 [Worker-34: Launching pos-system] INFO  o.eclipse.m2e.core.internal.Bundles - 	Entry: /Applications/Eclipse.app/Contents/Eclipse/plugins/org.eclipse.m2e.maven.runtime_3.9.1200.20260112-2306/jars/guice-5.1.0-classes.jar
2026-06-08 12:15:55,750 [Worker-34: Launching pos-system] INFO  o.eclipse.m2e.core.internal.Bundles - 	Entry: /Applications/Eclipse.app/Contents/Eclipse/plugins/org.eclipse.m2e.maven.runtime_3.9.1200.20260112-2306/jars/httpclient-4.5.14.jar
2026-06-08 12:15:55,750 [Worker-34: Launching pos-system] INFO  o.eclipse.m2e.core.internal.Bundles - 	Entry: /Applications/Eclipse.app/Contents/Eclipse/plugins/org.eclipse.m2e.maven.runtime_3.9.1200.20260112-2306/jars/httpcore-4.4.16.jar
2026-06-08 12:15:55,750 [Worker-34: Launching pos-system] INFO  o.eclipse.m2e.core.internal.Bundles - 	Entry: /Applications/Eclipse.app/Contents/Eclipse/plugins/org.eclipse.m2e.maven.runtime_3.9.1200.20260112-2306/jars/jansi-2.4.2.jar
2026-06-08 12:15:55,750 [Worker-34: Launching pos-system] INFO  o.eclipse.m2e.core.internal.Bundles - 	Entry: /Applications/Eclipse.app/Contents/Eclipse/plugins/org.eclipse.m2e.maven.runtime_3.9.1200.20260112-2306/jars/jcl-over-slf4j-1.7.36.jar
2026-06-08 12:15:55,750 [Worker-34: Launching pos-system] INFO  o.eclipse.m2e.core.internal.Bundles - 	Entry: /Applications/Eclipse.app/Contents/Eclipse/plugins/org.eclipse.m2e.maven.runtime_3.9.1200.20260112-2306/jars/maven-artifact-3.9.12.jar
2026-06-08 12:15:55,750 [Worker-34: Launching pos-system] INFO  o.eclipse.m2e.core.internal.Bundles - 	Entry: /Applications/Eclipse.app/Contents/Eclipse/plugins/org.eclipse.m2e.maven.runtime_3.9.1200.20260112-2306/jars/maven-builder-support-3.9.12.jar
2026-06-08 12:15:55,750 [Worker-34: Launching pos-system] INFO  o.eclipse.m2e.core.internal.Bundles - 	Entry: /Applications/Eclipse.app/Contents/Eclipse/plugins/org.eclipse.m2e.maven.runtime_3.9.1200.20260112-2306/jars/maven-compat-3.9.12.jar
2026-06-08 12:15:55,750 [Worker-34: Launching pos-system] INFO  o.eclipse.m2e.core.internal.Bundles - 	Entry: /Applications/Eclipse.app/Contents/Eclipse/plugins/org.eclipse.m2e.maven.runtime_3.9.1200.20260112-2306/jars/maven-core-3.9.12.jar
2026-06-08 12:15:55,750 [Worker-34: Launching pos-system] INFO  o.eclipse.m2e.core.internal.Bundles - 	Entry: /Applications/Eclipse.app/Contents/Eclipse/plugins/org.eclipse.m2e.maven.runtime_3.9.1200.20260112-2306/jars/maven-embedder-3.9.12.jar
2026-06-08 12:15:55,750 [Worker-34: Launching pos-system] INFO  o.eclipse.m2e.core.internal.Bundles - 	Entry: /Applications/Eclipse.app/Contents/Eclipse/plugins/org.eclipse.m2e.maven.runtime_3.9.1200.20260112-2306/jars/maven-model-3.9.12.jar
2026-06-08 12:15:55,750 [Worker-34: Launching pos-system] INFO  o.eclipse.m2e.core.internal.Bundles - 	Entry: /Applications/Eclipse.app/Contents/Eclipse/plugins/org.eclipse.m2e.maven.runtime_3.9.1200.20260112-2306/jars/maven-model-builder-3.9.12.jar
2026-06-08 12:15:55,750 [Worker-34: Launching pos-system] INFO  o.eclipse.m2e.core.internal.Bundles - 	Entry: /Applications/Eclipse.app/Contents/Eclipse/plugins/org.eclipse.m2e.maven.runtime_3.9.1200.20260112-2306/jars/maven-plugin-api-3.9.12.jar
2026-06-08 12:15:55,750 [Worker-34: Launching pos-system] INFO  o.eclipse.m2e.core.internal.Bundles - 	Entry: /Applications/Eclipse.app/Contents/Eclipse/plugins/org.eclipse.m2e.maven.runtime_3.9.1200.20260112-2306/jars/maven-repository-metadata-3.9.12.jar
2026-06-08 12:15:55,751 [Worker-34: Launching pos-system] INFO  o.eclipse.m2e.core.internal.Bundles - 	Entry: /Applications/Eclipse.app/Contents/Eclipse/plugins/org.eclipse.m2e.maven.runtime_3.9.1200.20260112-2306/jars/maven-resolver-api-1.9.25.jar
2026-06-08 12:15:55,751 [Worker-34: Launching pos-system] INFO  o.eclipse.m2e.core.internal.Bundles - 	Entry: /Applications/Eclipse.app/Contents/Eclipse/plugins/org.eclipse.m2e.maven.runtime_3.9.1200.20260112-2306/jars/maven-resolver-connector-basic-1.9.25.jar
2026-06-08 12:15:55,751 [Worker-34: Launching pos-system] INFO  o.eclipse.m2e.core.internal.Bundles - 	Entry: /Applications/Eclipse.app/Contents/Eclipse/plugins/org.eclipse.m2e.maven.runtime_3.9.1200.20260112-2306/jars/maven-resolver-impl-1.9.25.jar
2026-06-08 12:15:55,751 [Worker-34: Launching pos-system] INFO  o.eclipse.m2e.core.internal.Bundles - 	Entry: /Applications/Eclipse.app/Contents/Eclipse/plugins/org.eclipse.m2e.maven.runtime_3.9.1200.20260112-2306/jars/maven-resolver-named-locks-1.9.25.jar
2026-06-08 12:15:55,751 [Worker-34: Launching pos-system] INFO  o.eclipse.m2e.core.internal.Bundles - 	Entry: /Applications/Eclipse.app/Contents/Eclipse/plugins/org.eclipse.m2e.maven.runtime_3.9.1200.20260112-2306/jars/maven-resolver-provider-3.9.12.jar
2026-06-08 12:15:55,751 [Worker-34: Launching pos-system] INFO  o.eclipse.m2e.core.internal.Bundles - 	Entry: /Applications/Eclipse.app/Contents/Eclipse/plugins/org.eclipse.m2e.maven.runtime_3.9.1200.20260112-2306/jars/maven-resolver-spi-1.9.25.jar
2026-06-08 12:15:55,751 [Worker-34: Launching pos-system] INFO  o.eclipse.m2e.core.internal.Bundles - 	Entry: /Applications/Eclipse.app/Contents/Eclipse/plugins/org.eclipse.m2e.maven.runtime_3.9.1200.20260112-2306/jars/maven-resolver-transport-file-1.9.25.jar
2026-06-08 12:15:55,751 [Worker-34: Launching pos-system] INFO  o.eclipse.m2e.core.internal.Bundles - 	Entry: /Applications/Eclipse.app/Contents/Eclipse/plugins/org.eclipse.m2e.maven.runtime_3.9.1200.20260112-2306/jars/maven-resolver-transport-http-1.9.25.jar
2026-06-08 12:15:55,751 [Worker-34: Launching pos-system] INFO  o.eclipse.m2e.core.internal.Bundles - 	Entry: /Applications/Eclipse.app/Contents/Eclipse/plugins/org.eclipse.m2e.maven.runtime_3.9.1200.20260112-2306/jars/maven-resolver-transport-wagon-1.9.25.jar
2026-06-08 12:15:55,751 [Worker-34: Launching pos-system] INFO  o.eclipse.m2e.core.internal.Bundles - 	Entry: /Applications/Eclipse.app/Contents/Eclipse/plugins/org.eclipse.m2e.maven.runtime_3.9.1200.20260112-2306/jars/maven-resolver-util-1.9.25.jar
2026-06-08 12:15:55,751 [Worker-34: Launching pos-system] INFO  o.eclipse.m2e.core.internal.Bundles - 	Entry: /Applications/Eclipse.app/Contents/Eclipse/plugins/org.eclipse.m2e.maven.runtime_3.9.1200.20260112-2306/jars/maven-settings-3.9.12.jar
2026-06-08 12:15:55,751 [Worker-34: Launching pos-system] INFO  o.eclipse.m2e.core.internal.Bundles - 	Entry: /Applications/Eclipse.app/Contents/Eclipse/plugins/org.eclipse.m2e.maven.runtime_3.9.1200.20260112-2306/jars/maven-settings-builder-3.9.12.jar
2026-06-08 12:15:55,751 [Worker-34: Launching pos-system] INFO  o.eclipse.m2e.core.internal.Bundles - 	Entry: /Applications/Eclipse.app/Contents/Eclipse/plugins/org.eclipse.m2e.maven.runtime_3.9.1200.20260112-2306/jars/maven-shared-utils-3.4.2.jar
2026-06-08 12:15:55,751 [Worker-34: Launching pos-system] INFO  o.eclipse.m2e.core.internal.Bundles - 	Entry: /Applications/Eclipse.app/Contents/Eclipse/plugins/org.eclipse.m2e.maven.runtime_3.9.1200.20260112-2306/jars/org.eclipse.sisu.inject-0.9.0.M4.jar
2026-06-08 12:15:55,751 [Worker-34: Launching pos-system] INFO  o.eclipse.m2e.core.internal.Bundles - 	Entry: /Applications/Eclipse.app/Contents/Eclipse/plugins/org.eclipse.m2e.maven.runtime_3.9.1200.20260112-2306/jars/org.eclipse.sisu.plexus-0.9.0.M4.jar
2026-06-08 12:15:55,751 [Worker-34: Launching pos-system] INFO  o.eclipse.m2e.core.internal.Bundles - 	Entry: /Applications/Eclipse.app/Contents/Eclipse/plugins/org.eclipse.m2e.maven.runtime_3.9.1200.20260112-2306/jars/plexus-build-api-0.0.7.jar
2026-06-08 12:15:55,751 [Worker-34: Launching pos-system] INFO  o.eclipse.m2e.core.internal.Bundles - 	Entry: /Applications/Eclipse.app/Contents/Eclipse/plugins/org.eclipse.m2e.maven.runtime_3.9.1200.20260112-2306/jars/plexus-build-api-1.2.0.jar
2026-06-08 12:15:55,751 [Worker-34: Launching pos-system] INFO  o.eclipse.m2e.core.internal.Bundles - 	Entry: /Applications/Eclipse.app/Contents/Eclipse/plugins/org.eclipse.m2e.maven.runtime_3.9.1200.20260112-2306/jars/plexus-cipher-2.0.jar
2026-06-08 12:15:55,751 [Worker-34: Launching pos-system] INFO  o.eclipse.m2e.core.internal.Bundles - 	Entry: /Applications/Eclipse.app/Contents/Eclipse/plugins/org.eclipse.m2e.maven.runtime_3.9.1200.20260112-2306/jars/plexus-classworlds-2.9.0.jar
2026-06-08 12:15:55,751 [Worker-34: Launching pos-system] INFO  o.eclipse.m2e.core.internal.Bundles - 	Entry: /Applications/Eclipse.app/Contents/Eclipse/plugins/org.eclipse.m2e.maven.runtime_3.9.1200.20260112-2306/jars/plexus-component-annotations-2.2.0.jar
2026-06-08 12:15:55,752 [Worker-34: Launching pos-system] INFO  o.eclipse.m2e.core.internal.Bundles - 	Entry: /Applications/Eclipse.app/Contents/Eclipse/plugins/org.eclipse.m2e.maven.runtime_3.9.1200.20260112-2306/jars/plexus-interpolation-1.29.jar
2026-06-08 12:15:55,752 [Worker-34: Launching pos-system] INFO  o.eclipse.m2e.core.internal.Bundles - 	Entry: /Applications/Eclipse.app/Contents/Eclipse/plugins/org.eclipse.m2e.maven.runtime_3.9.1200.20260112-2306/jars/plexus-sec-dispatcher-2.0.jar
2026-06-08 12:15:55,752 [Worker-34: Launching pos-system] INFO  o.eclipse.m2e.core.internal.Bundles - 	Entry: /Applications/Eclipse.app/Contents/Eclipse/plugins/org.eclipse.m2e.maven.runtime_3.9.1200.20260112-2306/jars/plexus-utils-3.6.0.jar
2026-06-08 12:15:55,752 [Worker-34: Launching pos-system] INFO  o.eclipse.m2e.core.internal.Bundles - 	Entry: /Applications/Eclipse.app/Contents/Eclipse/plugins/org.eclipse.m2e.maven.runtime_3.9.1200.20260112-2306/jars/wagon-file-3.5.3.jar
2026-06-08 12:15:55,752 [Worker-34: Launching pos-system] INFO  o.eclipse.m2e.core.internal.Bundles - 	Entry: /Applications/Eclipse.app/Contents/Eclipse/plugins/org.eclipse.m2e.maven.runtime_3.9.1200.20260112-2306/jars/wagon-http-3.5.3.jar
2026-06-08 12:15:55,752 [Worker-34: Launching pos-system] INFO  o.eclipse.m2e.core.internal.Bundles - 	Entry: /Applications/Eclipse.app/Contents/Eclipse/plugins/org.eclipse.m2e.maven.runtime_3.9.1200.20260112-2306/jars/wagon-http-shared-3.5.3.jar
2026-06-08 12:15:55,752 [Worker-34: Launching pos-system] INFO  o.eclipse.m2e.core.internal.Bundles - 	Entry: /Applications/Eclipse.app/Contents/Eclipse/plugins/org.eclipse.m2e.maven.runtime_3.9.1200.20260112-2306/jars/wagon-provider-api-3.5.3.jar
2026-06-08 12:15:55,753 [Worker-34: Launching pos-system] INFO  o.eclipse.m2e.core.internal.Bundles - getClasspathEntries(Bundle=com.google.guava_33.5.0.jre [13])
2026-06-08 12:15:55,753 [Worker-34: Launching pos-system] INFO  o.eclipse.m2e.core.internal.Bundles - 	Entry: /Applications/Eclipse.app/Contents/Eclipse/plugins/com.google.guava_33.5.0.jre.jar
2026-06-08 12:15:55,753 [Worker-34: Launching pos-system] INFO  o.eclipse.m2e.core.internal.Bundles - getClasspathEntries(Bundle=slf4j.api_2.0.17 [531])
2026-06-08 12:15:55,753 [Worker-34: Launching pos-system] INFO  o.eclipse.m2e.core.internal.Bundles - 	Entry: /Applications/Eclipse.app/Contents/Eclipse/plugins/slf4j.api_2.0.17.jar
2026-06-08 12:15:55,753 [Worker-34: Launching pos-system] INFO  o.eclipse.m2e.core.internal.Bundles - getClasspathEntries(Bundle=jakarta.inject.jakarta.inject-api_1.0.5 [24])
2026-06-08 12:15:55,753 [Worker-34: Launching pos-system] INFO  o.eclipse.m2e.core.internal.Bundles - 	Entry: /Applications/Eclipse.app/Contents/Eclipse/plugins/jakarta.inject.jakarta.inject-api_1.0.5.jar
2026-06-08 12:15:55,753 [Worker-34: Launching pos-system] INFO  o.eclipse.m2e.core.internal.Bundles - getClasspathEntries(Bundle=jakarta.annotation-api_1.3.5 [22])
2026-06-08 12:15:55,754 [Worker-34: Launching pos-system] INFO  o.eclipse.m2e.core.internal.Bundles - 	Entry: /Applications/Eclipse.app/Contents/Eclipse/plugins/jakarta.annotation-api_1.3.5.jar
2026-06-08 12:15:55,754 [Worker-34: Launching pos-system] INFO  o.eclipse.m2e.core.internal.Bundles - getClasspathEntries(Bundle=org.apache.commons.cli_1.11.0 [56])
2026-06-08 12:15:55,754 [Worker-34: Launching pos-system] INFO  o.eclipse.m2e.core.internal.Bundles - 	Entry: /Applications/Eclipse.app/Contents/Eclipse/plugins/org.apache.commons.cli_1.11.0.jar
2026-06-08 12:15:55,754 [Worker-34: Launching pos-system] INFO  o.eclipse.m2e.core.internal.Bundles - getClasspathEntries(Bundle=org.apache.commons.commons-codec_1.21.0 [57])
2026-06-08 12:15:55,754 [Worker-34: Launching pos-system] INFO  o.eclipse.m2e.core.internal.Bundles - 	Entry: /Applications/Eclipse.app/Contents/Eclipse/plugins/org.apache.commons.commons-codec_1.21.0.jar
2026-06-08 12:15:55,754 [Worker-34: Launching pos-system] INFO  o.eclipse.m2e.core.internal.Bundles - getClasspathEntries(Bundle=com.google.guava.failureaccess_1.0.3 [14])
2026-06-08 12:15:55,754 [Worker-34: Launching pos-system] INFO  o.eclipse.m2e.core.internal.Bundles - 	Entry: /Applications/Eclipse.app/Contents/Eclipse/plugins/com.google.guava.failureaccess_1.0.3.jar
2026-06-08 12:15:55,756 [Worker-34: Launching pos-system] INFO  o.e.m.i.launch.MavenLaunchDelegate - Run build in "/Users/savouth/Desktop/assignment-java-swing/target/classes/META-INF/maven/com.pos/pos-system":
2026-06-08 12:15:55,756 [Worker-34: Launching pos-system] INFO  o.e.m.i.launch.MavenLaunchDelegate -  mvn  -B -Dstyle.color=always 
2026-06-08 12:19:38,989 [Worker-43: Building] INFO  o.a.m.s.f.DefaultMavenResourcesFiltering - skip non existing resourceDirectory /Users/savouth/Desktop/assignment-java-swing/target/classes/META-INF/maven/com.pos/pos-system/src/main/resources
2026-06-08 12:19:38,991 [Worker-43: Building] INFO  o.a.m.s.f.DefaultMavenResourcesFiltering - skip non existing resourceDirectory /Users/savouth/Desktop/assignment-java-swing/target/classes/META-INF/maven/com.pos/pos-system/src/test/resources
2026-06-08 12:19:39,110 [Worker-43: Building] WARN  o.apache.maven.project.MavenProject - Plugin is modifying compileSourceRoots through clear(), which will not work in Maven 4.0.0. Use MavenProject.addCompileSourceRoot()/removeCompileSourceRoot() methods instead. If using a plugin, please upgrade to the latest version or report the issue to the plugin maintainer. To disable these warnings, set -Dmaven.project.sourceRoots.warningsDisabled=true on the command line, in the .mvn/maven.config file, or in project POM properties.
2026-06-08 12:19:39,111 [Worker-43: Building] WARN  o.apache.maven.project.MavenProject - Plugin is modifying compileSourceRoots through add(), which will not work in Maven 4.0.0. Use MavenProject.addCompileSourceRoot()/removeCompileSourceRoot() methods instead. If using a plugin, please upgrade to the latest version or report the issue to the plugin maintainer. To disable these warnings, set -Dmaven.project.sourceRoots.warningsDisabled=true on the command line, in the .mvn/maven.config file, or in project POM properties.
2026-06-08 12:19:39,111 [Worker-43: Building] WARN  o.apache.maven.project.MavenProject - Plugin is modifying testCompileSourceRoots through clear(), which will not work in Maven 4.0.0. Use MavenProject.addTestCompileSourceRoot()/removeTestCompileSourceRoot() methods instead. If using a plugin, please upgrade to the latest version or report the issue to the plugin maintainer. To disable these warnings, set -Dmaven.project.sourceRoots.warningsDisabled=true on the command line, in the .mvn/maven.config file, or in project POM properties.
2026-06-08 12:19:39,111 [Worker-43: Building] WARN  o.apache.maven.project.MavenProject - Plugin is modifying testCompileSourceRoots through add(), which will not work in Maven 4.0.0. Use MavenProject.addTestCompileSourceRoot()/removeTestCompileSourceRoot() methods instead. If using a plugin, please upgrade to the latest version or report the issue to the plugin maintainer. To disable these warnings, set -Dmaven.project.sourceRoots.warningsDisabled=true on the command line, in the .mvn/maven.config file, or in project POM properties.
2026-06-08 12:19:43,843 [Worker-35: Building] INFO  o.a.m.s.f.DefaultMavenResourcesFiltering - skip non existing resourceDirectory /Users/savouth/Desktop/assignment-java-swing/target/classes/META-INF/maven/com.pos/pos-system/src/main/resources
2026-06-08 12:19:43,844 [Worker-35: Building] INFO  o.a.m.s.f.DefaultMavenResourcesFiltering - skip non existing resourceDirectory /Users/savouth/Desktop/assignment-java-swing/target/classes/META-INF/maven/com.pos/pos-system/src/test/resources
2026-06-08 12:19:43,844 [Worker-35: Building] WARN  o.apache.maven.project.MavenProject - Plugin is modifying compileSourceRoots through clear(), which will not work in Maven 4.0.0. Use MavenProject.addCompileSourceRoot()/removeCompileSourceRoot() methods instead. If using a plugin, please upgrade to the latest version or report the issue to the plugin maintainer. To disable these warnings, set -Dmaven.project.sourceRoots.warningsDisabled=true on the command line, in the .mvn/maven.config file, or in project POM properties.
2026-06-08 12:19:43,844 [Worker-35: Building] WARN  o.apache.maven.project.MavenProject - Plugin is modifying compileSourceRoots through add(), which will not work in Maven 4.0.0. Use MavenProject.addCompileSourceRoot()/removeCompileSourceRoot() methods instead. If using a plugin, please upgrade to the latest version or report the issue to the plugin maintainer. To disable these warnings, set -Dmaven.project.sourceRoots.warningsDisabled=true on the command line, in the .mvn/maven.config file, or in project POM properties.
2026-06-08 12:19:43,844 [Worker-35: Building] WARN  o.apache.maven.project.MavenProject - Plugin is modifying testCompileSourceRoots through clear(), which will not work in Maven 4.0.0. Use MavenProject.addTestCompileSourceRoot()/removeTestCompileSourceRoot() methods instead. If using a plugin, please upgrade to the latest version or report the issue to the plugin maintainer. To disable these warnings, set -Dmaven.project.sourceRoots.warningsDisabled=true on the command line, in the .mvn/maven.config file, or in project POM properties.
2026-06-08 12:19:43,844 [Worker-35: Building] WARN  o.apache.maven.project.MavenProject - Plugin is modifying testCompileSourceRoots through add(), which will not work in Maven 4.0.0. Use MavenProject.addTestCompileSourceRoot()/removeTestCompileSourceRoot() methods instead. If using a plugin, please upgrade to the latest version or report the issue to the plugin maintainer. To disable these warnings, set -Dmaven.project.sourceRoots.warningsDisabled=true on the command line, in the .mvn/maven.config file, or in project POM properties.
2026-06-08 12:39:04,428 [Worker-7: Loading available Gradle versions] INFO  o.e.b.c.i.u.g.PublishedGradleVersions - Gradle version information cache is up-to-date. Trying to read.
2026-06-08 20:42:16,400 [Worker-7: Loading available Gradle versions] INFO  o.e.b.c.i.u.g.PublishedGradleVersions - Gradle version information cache is up-to-date. Trying to read.
2026-06-08 20:42:22,755 [Worker-1: Deferred Early Start] INFO  o.a.h.c.h.i.c.HttpRequestRetryExec - ex-0000000001 recoverable I/O exception (java.net.SocketException) caught when sending request to https://www.eclipse.org:443;request will be automatically re-executed in 0 MILLISECONDS (exec count 2)
2026-06-08 21:04:51,136 [Worker-7: Loading available Gradle versions] INFO  o.e.b.c.i.u.g.PublishedGradleVersions - Gradle version information cache is up-to-date. Trying to read.
2026-06-08 21:10:17,606 [Worker-25: Updating Maven Project] INFO  o.e.m.c.i.p.ProjectConfigurationManager - Update started
2026-06-08 21:10:17,612 [Worker-25: Updating Maven Project] INFO  o.e.m.c.i.p.ProjectConfigurationManager - Update completed for 1 poms: local refresh takes 0.00 sec, refresh facades takes 0.00 sec, update config takes 0.00 sec 
2026-06-08 21:10:44,399 [Worker-10: Updating Maven Project] INFO  o.e.m.c.i.p.ProjectConfigurationManager - Update started
2026-06-08 21:10:44,400 [Worker-10: Updating Maven Project] INFO  o.e.m.c.i.p.ProjectConfigurationManager - Update completed for 1 poms: local refresh takes 0.00 sec, refresh facades takes 0.00 sec, update config takes 0.00 sec 
